Component: ARM Compiler 5.06 update 1 (build 61) Tool: armlink [4d35a8]

==============================================================================

Section Cross References

    startup_stm32f407xx.o(RESET) refers to startup_stm32f407xx.o(STACK) for __initial_sp
    startup_stm32f407xx.o(RESET) refers to startup_stm32f407xx.o(.text) for Reset_Handler
    startup_stm32f407xx.o(RESET) refers to stm32f4xx_it.o(i.NMI_Handler) for NMI_Handler
    startup_stm32f407xx.o(RESET) refers to stm32f4xx_it.o(i.HardFault_Handler) for HardFault_Handler
    startup_stm32f407xx.o(RESET) refers to stm32f4xx_it.o(i.MemManage_Handler) for MemManage_Handler
    startup_stm32f407xx.o(RESET) refers to stm32f4xx_it.o(i.BusFault_Handler) for BusFault_Handler
    startup_stm32f407xx.o(RESET) refers to stm32f4xx_it.o(i.UsageFault_Handler) for UsageFault_Handler
    startup_stm32f407xx.o(RESET) refers to stm32f4xx_it.o(i.SVC_Handler) for SVC_Handler
    startup_stm32f407xx.o(RESET) refers to stm32f4xx_it.o(i.DebugMon_Handler) for DebugMon_Handler
    startup_stm32f407xx.o(RESET) refers to stm32f4xx_it.o(i.PendSV_Handler) for PendSV_Handler
    startup_stm32f407xx.o(RESET) refers to stm32f4xx_it.o(i.SysTick_Handler) for SysTick_Handler
    startup_stm32f407xx.o(RESET) refers to stm32f4xx_it.o(i.ADC_IRQHandler) for ADC_IRQHandler
    startup_stm32f407xx.o(RESET) refers to stm32f4xx_it.o(i.TIM6_DAC_IRQHandler) for TIM6_DAC_IRQHandler
    startup_stm32f407xx.o(RESET) refers to stm32f4xx_it.o(i.DMA2_Stream0_IRQHandler) for DMA2_Stream0_IRQHandler
    startup_stm32f407xx.o(.text) refers to system_stm32f4xx.o(i.SystemInit) for SystemInit
    startup_stm32f407xx.o(.text) refers to entry.o(.ARM.Collect$$$$00000000) for __main
    bsp_dht11.o(i.DHT11_Init) refers to bsp_dht11.o(i.GPIO_DHT11_OUT) for GPIO_DHT11_OUT
    bsp_dht11.o(i.DHT11_Init) refers to stm32f4xx_hal_gpio.o(i.HAL_GPIO_WritePin) for HAL_GPIO_WritePin
    bsp_dht11.o(i.DHT11_Init) refers to stm32f4xx_hal.o(i.HAL_Delay) for HAL_Delay
    bsp_dht11.o(i.GPIO_DHT11_OUT) refers to stm32f4xx_hal_gpio.o(i.HAL_GPIO_Init) for HAL_GPIO_Init
    bsp_dht11.o(i.READ_DATA_8BIT) refers to stm32f4xx_hal_gpio.o(i.HAL_GPIO_ReadPin) for HAL_GPIO_ReadPin
    bsp_dht11.o(i.READ_DATA_8BIT) refers to bsp_dht11.o(i.delay_us) for delay_us
    bsp_dht11.o(i.Read_TempAndHumidity) refers to bsp_dht11.o(i.GPIO_DHT11_OUT) for GPIO_DHT11_OUT
    bsp_dht11.o(i.Read_TempAndHumidity) refers to stm32f4xx_hal_gpio.o(i.HAL_GPIO_WritePin) for HAL_GPIO_WritePin
    bsp_dht11.o(i.Read_TempAndHumidity) refers to stm32f4xx_hal.o(i.HAL_Delay) for HAL_Delay
    bsp_dht11.o(i.Read_TempAndHumidity) refers to bsp_dht11.o(i.delay_us) for delay_us
    bsp_dht11.o(i.Read_TempAndHumidity) refers to stm32f4xx_hal_gpio.o(i.HAL_GPIO_Init) for HAL_GPIO_Init
    bsp_dht11.o(i.Read_TempAndHumidity) refers to stm32f4xx_hal_gpio.o(i.HAL_GPIO_ReadPin) for HAL_GPIO_ReadPin
    bsp_dht11.o(i.Read_TempAndHumidity) refers to bsp_dht11.o(i.READ_DATA_8BIT) for READ_DATA_8BIT
    r305.o(i.UART3_FINGER_Init) refers to stm32f4xx_hal_uart.o(i.HAL_UART_Init) for HAL_UART_Init
    r305.o(i.UART3_FINGER_Init) refers to main.o(i.Error_Handler) for Error_Handler
    r305.o(i.UART3_FINGER_Init) refers to r305.o(.bss) for .bss
    r305.o(i.createModel) refers to r305.o(i.writePacket) for writePacket
    r305.o(i.createModel) refers to r305.o(i.getReply) for getReply
    r305.o(i.createModel) refers to r305.o(.data) for .data
    r305.o(i.createModel) refers to r305.o(.bss) for .bss
    r305.o(i.deleteModel) refers to r305.o(i.writePacket) for writePacket
    r305.o(i.deleteModel) refers to r305.o(i.getReply) for getReply
    r305.o(i.deleteModel) refers to r305.o(.data) for .data
    r305.o(i.deleteModel) refers to r305.o(.bss) for .bss
    r305.o(i.emptyDatabase) refers to r305.o(i.writePacket) for writePacket
    r305.o(i.emptyDatabase) refers to r305.o(i.getReply) for getReply
    r305.o(i.emptyDatabase) refers to r305.o(.data) for .data
    r305.o(i.emptyDatabase) refers to r305.o(.bss) for .bss
    r305.o(i.fingerEnroll) refers to stm_my_lcd16x2.o(i.LCD1602_setCursor) for LCD1602_setCursor
    r305.o(i.fingerEnroll) refers to stm_my_lcd16x2.o(i.LCD1602_print) for LCD1602_print
    r305.o(i.fingerEnroll) refers to r305.o(i.getImage) for getImage
    r305.o(i.fingerEnroll) refers to r305.o(i.image2Tz) for image2Tz
    r305.o(i.fingerEnroll) refers to stm_my_lcd16x2.o(i.LCD1602_clear) for LCD1602_clear
    r305.o(i.fingerEnroll) refers to stm32f4xx_hal.o(i.HAL_Delay) for HAL_Delay
    r305.o(i.fingerEnroll) refers to r305.o(i.createModel) for createModel
    r305.o(i.fingerEnroll) refers to r305.o(i.storeModel) for storeModel
    r305.o(i.fingerFastSearch) refers to r305.o(i.writePacket) for writePacket
    r305.o(i.fingerFastSearch) refers to r305.o(i.getReply) for getReply
    r305.o(i.fingerFastSearch) refers to r305.o(.data) for .data
    r305.o(i.fingerFastSearch) refers to r305.o(.bss) for .bss
[...]
    SD_TxDataBlock                           0x080034ef   Thumb Code    90  fatfs_sd.o(i.SD_TxDataBlock)
    i.SD_disk_initialize                     0x08003548   Section        0  fatfs_sd.o(i.SD_disk_initialize)
    i.SD_disk_ioctl                          0x08003678   Section        0  fatfs_sd.o(i.SD_disk_ioctl)
    i.SD_disk_read                           0x080037b8   Section        0  fatfs_sd.o(i.SD_disk_read)
    i.SD_disk_status                         0x08003850   Section        0  fatfs_sd.o(i.SD_disk_status)
    i.SD_disk_write                          0x08003860   Section        0  fatfs_sd.o(i.SD_disk_write)
    i.SELECT                                 0x08003918   Section        0  fatfs_sd.o(i.SELECT)
    SELECT                                   0x08003919   Thumb Code    22  fatfs_sd.o(i.SELECT)
    i.SPI1SendByte                           0x08003934   Section        0  rc522.o(i.SPI1SendByte)
    i.SPI1_ReadReg                           0x08003954   Section        0  rc522.o(i.SPI1_ReadReg)
    i.SPI1_WriteReg                          0x08003984   Section        0  rc522.o(i.SPI1_WriteReg)
    i.SPI_EndRxTxTransaction                 0x080039b4   Section        0  stm32f4xx_hal_spi.o(i.SPI_EndRxTxTransaction)
    SPI_EndRxTxTransaction                   0x080039b5   Thumb Code    80  stm32f4xx_hal_spi.o(i.SPI_EndRxTxTransaction)
    i.SPI_RxByte                             0x08003a0c   Section        0  fatfs_sd.o(i.SPI_RxByte)
    SPI_RxByte                               0x08003a0d   Thumb Code    40  fatfs_sd.o(i.SPI_RxByte)
    i.SPI_TxBuffer                           0x08003a38   Section        0  fatfs_sd.o(i.SPI_TxBuffer)
    SPI_TxBuffer                             0x08003a39   Thumb Code    22  fatfs_sd.o(i.SPI_TxBuffer)
    i.SPI_TxByte                             0x08003a54   Section        0  fatfs_sd.o(i.SPI_TxByte)
    SPI_TxByte                               0x08003a55   Thumb Code    26  fatfs_sd.o(i.SPI_TxByte)
    i.SPI_WaitFlagStateUntilTimeout          0x08003a74   Section        0  stm32f4xx_hal_spi.o(i.SPI_WaitFlagStateUntilTimeout)
    SPI_WaitFlagStateUntilTimeout            0x08003a75   Thumb Code   148  stm32f4xx_hal_spi.o(i.SPI_WaitFlagStateUntilTimeout)
    i.SVC_Handler                            0x08003b08   Section        0  stm32f4xx_it.o(i.SVC_Handler)
    i.SysTick_Handler                        0x08003b0c   Section        0  stm32f4xx_it.o(i.SysTick_Handler)
    i.SystemClock_Config                     0x08003b38   Section        0  main.o(i.SystemClock_Config)
    i.SystemInit                             0x08003bec   Section        0  system_stm32f4xx.o(i.SystemInit)
    i.TIM6_DAC_IRQHandler                    0x08003c08   Section        0  stm32f4xx_it.o(i.TIM6_DAC_IRQHandler)
    i.TIM_Base_SetConfig                     0x08003c14   Section        0  stm32f4xx_hal_tim.o(i.TIM_Base_SetConfig)
    i.UART3_FINGER_Init                      0x08003cdc   Section        0  r305.o(i.UART3_FINGER_Init)
    i.UART_SetConfig                         0x08003d14   Section        0  stm32f4xx_hal_uart.o(i.UART_SetConfig)
    UART_SetConfig                           0x08003d15   Thumb Code   286  stm32f4xx_hal_uart.o(i.UART_SetConfig)
    i.UART_WaitOnFlagUntilTimeout            0x08003e3c   Section        0  stm32f4xx_hal_uart.o(i.UART_WaitOnFlagUntilTimeout)
    UART_WaitOnFlagUntilTimeout              0x08003e3d   Thumb Code   100  stm32f4xx_hal_uart.o(i.UART_WaitOnFlagUntilTimeout)
    i.USER_initialize                        0x08003ea0   Section        0  user_diskio.o(i.USER_initialize)
    i.USER_ioctl                             0x08003ea4   Section        0  user_diskio.o(i.USER_ioctl)
    i.USER_read                              0x08003ea8   Section        0  user_diskio.o(i.USER_read)
    i.USER_status                            0x08003eac   Section        0  user_diskio.o(i.USER_status)
    i.USER_write                             0x08003eb0   Section        0  user_diskio.o(i.USER_write)
    i.UsageFault_Handler                     0x08003eb4   Section        0  stm32f4xx_it.o(i.UsageFault_Handler)
    i.__0sprintf                             0x08003eb8   Section        0  printfa.o(i.__0sprintf)
    i.__NVIC_SetPriority                     0x08003ee0   Section        0  stm32f4xx_hal_cortex.o(i.__NVIC_SetPriority)
    __NVIC_SetPriority                       0x08003ee1   Thumb Code    32  stm32f4xx_hal_cortex.o(i.__NVIC_SetPriority)
    i.__scatterload_copy                     0x08003f00   Section       14  handlers.o(i.__scatterload_copy)
    i.__scatterload_null                     0x08003f0e   Section        2  handlers.o(i.__scatterload_null)
    i.__scatterload_zeroinit                 0x08003f10   Section       14  handlers.o(i.__scatterload_zeroinit)
    i._fp_digits                             0x08003f20   Section        0  printfa.o(i._fp_digits)
    _fp_digits                               0x08003f21   Thumb Code   334  printfa.o(i._fp_digits)
    i._printf_core                           0x08004084   Section        0  printfa.o(i._printf_core)
    _printf_core                             0x08004085   Thumb Code  1744  printfa.o(i._printf_core)
    i._printf_post_padding                   0x08004760   Section        0  printfa.o(i._printf_post_padding)
    _printf_post_padding                     0x08004761   Thumb Code    36  printfa.o(i._printf_post_padding)
    i._printf_pre_padding                    0x08004784   Section        0  printfa.o(i._printf_pre_padding)
    _printf_pre_padding                      0x08004785   Thumb Code    46  printfa.o(i._printf_pre_padding)
    i._sputc                                 0x080047b2   Section        0  printfa.o(i._sputc)
    _sputc                                   0x080047b3   Thumb Code    10  printfa.o(i._sputc)
    i.bufsize                                0x080047bc   Section        0  main.o(i.bufsize)
    i.check_fs                               0x080047d0   Section        0  ff.o(i.check_fs)
    check_fs                                 0x080047d1   Thumb Code   102  ff.o(i.check_fs)
    i.chk_chr                                0x08004840   Section        0  ff.o(i.chk_chr)
    chk_chr                                  0x08004841   Thumb Code    16  ff.o(i.chk_chr)
    i.chk_lock                               0x08004850   Section        0  ff.o(i.chk_lock)
    chk_lock                                 0x08004851   Thumb Code    86  ff.o(i.chk_lock)
    i.clear_lock                             0x080048ac   Section        0  ff.o(i.clear_lock)
    clear_lock                               0x080048ad   Thumb Code    28  ff.o(i.clear_lock)
    i.clmt_clust                             0x080048cc   Section        0  ff.o(i.clmt_clust)
    clmt_clust                               0x080048cd   Thumb Code    38  ff.o(i.clmt_clust)
    i.clust2sect                             0x080048f2   Section        0  ff.o(i.clust2sect)
    clust2sect                               0x080048f3   Thumb Code    24  ff.o(i.clust2sect)
    i.cmp_lfn                                0x0800490c   Section        0  ff.o(i.cmp_lfn)
    cmp_lfn                                  0x0800490d   Thumb Code   124  ff.o(i.cmp_lfn)
    i.create_chain                           0x0800498c   Section        0  ff.o(i.create_chain)
    create_chain                             0x0800498d   Thumb Code   164  ff.o(i.create_chain)
    i.create_name                            0x08004a30   Section        0  ff.o(i.create_name)
    create_name                              0x08004a31   Thumb Code   494  ff.o(i.create_name)
    i.dec_lock                               0x08004c38   Section        0  ff.o(i.dec_lock)
    dec_lock                                 0x08004c39   Thumb Code    48  ff.o(i.dec_lock)
    i.delay_us                               0x08004c6c   Section        0  bsp_dht11.o(i.delay_us)
    i.dir_find                               0x08004cf4   Section        0  ff.o(i.dir_find)
    dir_find                                 0x08004cf5   Thumb Code   208  ff.o(i.dir_find)
    i.dir_next                               0x08004dc4   Section        0  ff.o(i.dir_next)
    dir_next                                 0x08004dc5   Thumb Code   258  ff.o(i.dir_next)
    i.dir_register                           0x08004ec8   Section        0  ff.o(i.dir_register)
    dir_register                             0x08004ec9   Thumb Code   480  ff.o(i.dir_register)
    i.dir_sdi                                0x080050ac   Section        0  ff.o(i.dir_sdi)
    dir_sdi                                  0x080050ad   Thumb Code   142  ff.o(i.dir_sdi)
    i.disk_initialize                        0x0800513c   Section        0  diskio.o(i.disk_initialize)
    i.disk_ioctl                             0x08005164   Section        0  diskio.o(i.disk_ioctl)
    i.disk_read                              0x08005180   Section        0  diskio.o(i.disk_read)
    i.disk_status                            0x0800519c   Section        0  diskio.o(i.disk_status)
    i.disk_write                             0x080051b4   Section        0  diskio.o(i.disk_write)
    i.f_close                                0x080051d0   Section        0  ff.o(i.f_close)
    i.f_mount                                0x080051f8   Section        0  ff.o(i.f_mount)
    i.f_open                                 0x08005250   Section        0  ff.o(i.f_open)
    i.f_sync                                 0x08005468   Section        0  ff.o(i.f_sync)
    i.f_write                                0x080054f6   Section        0  ff.o(i.f_write)
    i.ff_convert                             0x080056a8   Section        0  ccsbcs.o(i.ff_convert)
    i.ff_wtoupper                            0x080056e0   Section        0  ccsbcs.o(i.ff_wtoupper)
    i.find_volume                            0x08005760   Section        0  ff.o(i.find_volume)
    find_volume                              0x08005761   Thumb Code   640  ff.o(i.find_volume)
    i.fingerFastSearch                       0x080059f0   Section        0  r305.o(i.fingerFastSearch)
    i.fingerIDSearch                         0x08005a58   Section        0  r305.o(i.fingerIDSearch)
    i.follow_path                            0x08005b10   Section        0  ff.o(i.follow_path)
    follow_path                              0x08005b11   Thumb Code   122  ff.o(i.follow_path)
    i.gen_numname                            0x08005b8c   Section        0  ff.o(i.gen_numname)
    gen_numname                              0x08005b8d   Thumb Code   122  ff.o(i.gen_numname)
    i.getImage                               0x08005c0c   Section        0  r305.o(i.getImage)
    i.getReply                               0x08005c4c   Section        0  r305.o(i.getReply)
    i.get_fat                                0x08005ce0   Section        0  ff.o(i.get_fat)
    get_fat                                  0x08005ce1   Thumb Code   232  ff.o(i.get_fat)
    i.get_fattime                            0x08005dc8   Section        0  fatfs.o(i.get_fattime)
    i.get_ldnumber                           0x08005dcc   Section        0  ff.o(i.get_ldnumber)
    get_ldnumber                             0x08005dcd   Thumb Code    60  ff.o(i.get_ldnumber)
    i.get_time                               0x08005e08   Section        0  main.o(i.get_time)
    i.hienthidefaut                          0x08005e44   Section        0  main.o(i.hienthidefaut)
    i.image2Tz                               0x08005ecc   Section        0  r305.o(i.image2Tz)
    i.inc_lock                               0x08005f10   Section        0  ff.o(i.inc_lock)
    inc_lock                                 0x08005f11   Thumb Code   124  ff.o(i.inc_lock)
    i.ld_clust                               0x08005f90   Section        0  ff.o(i.ld_clust)
    ld_clust                                 0x08005f91   Thumb Code    38  ff.o(i.ld_clust)
    i.ld_dword                               0x08005fb6   Section        0  ff.o(i.ld_dword)
    ld_dword                                 0x08005fb7   Thumb Code    22  ff.o(i.ld_dword)
    i.ld_word                                0x08005fcc   Section        0  ff.o(i.ld_word)
    ld_word                                  0x08005fcd   Thumb Code    10  ff.o(i.ld_word)
    i.luusdcard                              0x08005fd8   Section        0  main.o(i.luusdcard)
    i.main                                   0x08006044   Section        0  main.o(i.main)
    i.mem_cpy                                0x080066b0   Section        0  ff.o(i.mem_cpy)
    mem_cpy                                  0x080066b1   Thumb Code    18  ff.o(i.mem_cpy)
    i.mem_set                                0x080066c4   Section        0  ff.o(i.mem_set)
    mem_set                                  0x080066c5   Thumb Code    14  ff.o(i.mem_set)
    i.modecontrol                            0x080066d4   Section        0  main.o(i.modecontrol)
    i.moderfid                               0x080066f4   Section        0  main.o(i.moderfid)
    i.modevantay                             0x08006718   Section        0  main.o(i.modevantay)
    i.move_window                            0x0800673c   Section        0  ff.o(i.move_window)
    move_window                              0x0800673d   Thumb Code    50  ff.o(i.move_window)
    i.put_fat                                0x0800676e   Section        0  ff.o(i.put_fat)
    put_fat                                  0x0800676f   Thumb Code   292  ff.o(i.put_fat)
    i.remove_chain                           0x08006892   Section        0  ff.o(i.remove_chain)
    remove_chain                             0x08006893   Thumb Code   116  ff.o(i.remove_chain)
    i.send_uart                              0x08006908   Section        0  main.o(i.send_uart)
    i.send_uart1                             0x08006928   Section        0  main.o(i.send_uart1)
    i.set_time                               0x08006948   Section        0  main.o(i.set_time)
    i.st_clust                               0x08006990   Section        0  ff.o(i.st_clust)
    st_clust                                 0x08006991   Thumb Code    40  ff.o(i.st_clust)
    i.st_dword                               0x080069b8   Section        0  ff.o(i.st_dword)
    st_dword                                 0x080069b9   Thumb Code    16  ff.o(i.st_dword)
    i.st_word                                0x080069c8   Section        0  ff.o(i.st_word)
    st_word                                  0x080069c9   Thumb Code     8  ff.o(i.st_word)
    i.sum_sfn                                0x080069d0   Section        0  ff.o(i.sum_sfn)
    sum_sfn                                  0x080069d1   Thumb Code    26  ff.o(i.sum_sfn)
    i.sync_fs                                0x080069ec   Section        0  ff.o(i.sync_fs)
    sync_fs                                  0x080069ed   Thumb Code   126  ff.o(i.sync_fs)
    i.sync_window                            0x08006a74   Section        0  ff.o(i.sync_window)
    sync_window                              0x08006a75   Thumb Code    82  ff.o(i.sync_window)
    i.tatthietbi                             0x08006ac8   Section        0  main.o(i.tatthietbi)
    i.validate                               0x08006af4   Section        0  ff.o(i.validate)
    validate                                 0x08006af5   Thumb Code    52  ff.o(i.validate)
    i.verifyPassword                         0x08006b28   Section        0  r305.o(i.verifyPassword)
    i.writePacket                            0x08006b88   Section        0  r305.o(i.writePacket)
    .constdata                               0x08006c90   Section        8  stm32f4xx_hal_dma.o(.constdata)
    flagBitshiftOffset                       0x08006c90   Data           8  stm32f4xx_hal_dma.o(.constdata)
    .constdata                               0x08006c98   Section       16  system_stm32f4xx.o(.constdata)
    .constdata                               0x08006ca8   Section        8  system_stm32f4xx.o(.constdata)
    .constdata                               0x08006cb0   Section      170  ff.o(.constdata)
    ExCvt                                    0x08006cb0   Data         128  ff.o(.constdata)
    LfnOfs                                   0x08006d30   Data          13  ff.o(.constdata)
    cst                                      0x08006d3e   Data          14  ff.o(.constdata)
    cst32                                    0x08006d4c   Data          14  ff.o(.constdata)
    .constdata                               0x08006d5a   Section      942  ccsbcs.o(.constdata)
    Tbl                                      0x08006d5a   Data         256  ccsbcs.o(.constdata)
    cvt1                                     0x08006e5a   Data         498  ccsbcs.o(.constdata)
    cvt2                                     0x0800704c   Data         188  ccsbcs.o(.constdata)
    .data                                    0x20000000   Section       12  r305.o(.data)
    .data                                    0x2000000c   Section       36  stm_my_lcd16x2.o(.data)
    mode_8_4_I2C                             0x2000000c   Data           1  stm_my_lcd16x2.o(.data)
    DisplayControl                           0x2000000d   Data           1  stm_my_lcd16x2.o(.data)
    FunctionSet                              0x2000000e   Data           1  stm_my_lcd16x2.o(.data)
    PIN_RS                                   0x20000010   Data           2  stm_my_lcd16x2.o(.data)
    PIN_E                                    0x20000012   Data           2  stm_my_lcd16x2.o(.data)
    D0_PIN                                   0x20000014   Data           2  stm_my_lcd16x2.o(.data)
    D1_PIN                                   0x20000016   Data           2  stm_my_lcd16x2.o(.data)
    D2_PIN                                   0x20000018   Data           2  stm_my_lcd16x2.o(.data)
    D3_PIN                                   0x2000001a   Data           2  stm_my_lcd16x2.o(.data)
    D4_PIN                                   0x2000001c   Data           2  stm_my_lcd16x2.o(.data)
    D5_PIN                                   0x2000001e   Data           2  stm_my_lcd16x2.o(.data)
    D6_PIN                                   0x20000020   Data           2  stm_my_lcd16x2.o(.data)
    D7_PIN                                   0x20000022   Data           2  stm_my_lcd16x2.o(.data)
    PORT_RS_and_E                            0x20000024   Data           4  stm_my_lcd16x2.o(.data)
    PORT_LSB                                 0x20000028   Data           4  stm_my_lcd16x2.o(.data)
    PORT_MSB                                 0x2000002c   Data           4  stm_my_lcd16x2.o(.data)
    .data                                    0x20000030   Section        8  fatfs_sd.o(.data)
    Stat                                     0x20000030   Data           1  fatfs_sd.o(.data)
    PowerFlag                                0x20000031   Data           1  fatfs_sd.o(.data)
    CardType                                 0x20000032   Data           1  fatfs_sd.o(.data)
    .data                                    0x20000038   Section       74  main.o(.data)
    .data                                    0x20000084   Section       12  stm32f4xx_hal.o(.data)
    .data                                    0x20000090   Section        4  system_stm32f4xx.o(.data)
    .data                                    0x20000094   Section       20  user_diskio.o(.data)
    .data                                    0x200000a8   Section        5  fatfs.o(.data)
    .data                                    0x200000b0   Section        8  ff.o(.data)
    Fsid                                     0x200000b0   Data           2  ff.o(.data)
    FatFs                                    0x200000b4   Data           4  ff.o(.data)
    .bss                                     0x200000b8   Section       84  r305.o(.bss)
    .bss                                     0x2000010c   Section     9072  main.o(.bss)
    .bss                                     0x2000247c   Section       96  main.o(.bss)
    .bss                                     0x200024dc   Section       64  stm32f4xx_hal_timebase_tim.o(.bss)
    .bss                                     0x2000251c   Section      544  ff.o(.bss)
    Files                                    0x2000251c   Data          32  ff.o(.bss)
    LfnBuf                                   0x2000253c   Data         512  ff.o(.bss)
    .bss                                     0x2000273c   Section       12  ff_gen_drv.o(.bss)
    STACK                                    0x20002748   Section     1024  startup_stm32f407xx.o(STACK)

    Global Symbols

    Symbol Name                              Value     Ov Type        Size  Object(Section)

    BuildAttributes$$THM_ISAv4$E$P$D$K$B$S$7EM$VFPi3$EXTD16$VFPS$VFMA$PE$A:L22UL41UL21$X:L11$S22US41US21$IEEE1$IW$USESV6$~STKCKD$USESV7$~SHL$OSPACE$ROPI$EBA8$MICROLIB$REQ8$PRES8$EABIv2 0x00000000   Number         0  anon$$obj.o ABSOLUTE
    __ARM_use_no_argv                        0x00000000   Number         0  main.o ABSOLUTE
    _printf_a                                0x00000000   Number         0  stubs.o ABSOLUTE
    _printf_c                                0x00000000   Number         0  stubs.o ABSOLUTE
    _printf_charcount                        0x00000000   Number         0  stubs.o ABSOLUTE
    _printf_d                                0x00000000   Number         0  stubs.o ABSOLUTE
    _printf_e                                0x00000000   Number         0  stubs.o ABSOLUTE
    _printf_f                                0x00000000   Number         0  stubs.o ABSOLUTE
    _printf_flags                            0x00000000   Number         0  stubs.o ABSOLUTE
    _printf_fp_dec                           0x00000000   Number         0  stubs.o ABSOLUTE
    _printf_fp_hex                           0x00000000   Number         0  stubs.o ABSOLUTE
    _printf_g                                0x00000000   Number         0  stubs.o ABSOLUTE
    _printf_i                                0x00000000   Number         0  stubs.o ABSOLUTE
    _printf_int_dec                          0x00000000   Number         0  stubs.o ABSOLUTE
    _printf_l                                0x00000000   Number         0  stubs.o ABSOLUTE
    _printf_lc                               0x00000000   Number         0  stubs.o ABSOLUTE
    _printf_ll                               0x00000000   Number         0  stubs.o ABSOLUTE
    _printf_lld                              0x00000000   Number         0  stubs.o ABSOLUTE
    _printf_lli                              0x00000000   Number         0  stubs.o ABSOLUTE
    _printf_llo                              0x00000000   Number         0  stubs.o ABSOLUTE
    _printf_llu                              0x00000000   Number         0  stubs.o ABSOLUTE
    _printf_llx                              0x00000000   Number         0  stubs.o ABSOLUTE
    _printf_longlong_dec                     0x00000000   Number         0  stubs.o ABSOLUTE
    _printf_longlong_hex                     0x00000000   Number         0  stubs.o ABSOLUTE
    _printf_longlong_oct                     0x00000000   Number         0  stubs.o ABSOLUTE
    _printf_ls                               0x00000000   Number         0  stubs.o ABSOLUTE
    _printf_mbtowc                           0x00000000   Number         0  stubs.o ABSOLUTE
    _printf_n                                0x00000000   Number         0  stubs.o ABSOLUTE
    _printf_o                                0x00000000   Number         0  stubs.o ABSOLUTE
    _printf_p                                0x00000000   Number         0  stubs.o ABSOLUTE
    _printf_percent                          0x00000000   Number         0  stubs.o ABSOLUTE
    _printf_pre_padding                      0x00000000   Number         0  stubs.o ABSOLUTE
    _printf_return_value                     0x00000000   Number         0  stubs.o ABSOLUTE
    _printf_s                                0x00000000   Number         0  stubs.o ABSOLUTE
    _printf_sizespec                         0x00000000   Number         0  stubs.o ABSOLUTE
    _printf_str                              0x00000000   Number         0  stubs.o ABSOLUTE
    _printf_truncate_signed                  0x00000000   Number         0  stubs.o ABSOLUTE
    _printf_truncate_unsigned                0x00000000   Number         0  stubs.o ABSOLUTE
    _printf_u                                0x00000000   Number         0  stubs.o ABSOLUTE
    _printf_wc                               0x00000000   Number         0  stubs.o ABSOLUTE
    _printf_wctomb                           0x00000000   Number         0  stubs.o ABSOLUTE
    _printf_widthprec                        0x00000000   Number         0  stubs.o ABSOLUTE
    _printf_x                                0x00000000   Number         0  stubs.o ABSOLUTE
    __cpp_initialize__aeabi_                  - Undefined Weak Reference
    __cxa_finalize                            - Undefined Weak Reference
    __decompress                              - Undefined Weak Reference
    _clock_init                               - Undefined Weak Reference
    _microlib_exit                            - Undefined Weak Reference
    __Vectors_Size                           0x00000188   Number         0  startup_stm32f407xx.o ABSOLUTE
    __Vectors                                0x08000000   Data           4  startup_stm32f407xx.o(RESET)
    __Vectors_End                            0x08000188   Data           0  startup_stm32f407xx.o(RESET)
    __main                                   0x08000189   Thumb Code     0  entry.o(.ARM.Collect$$$$00000000)
    _main_stk                                0x08000189   Thumb Code     0  entry2.o(.ARM.Collect$$$$00000001)
    _main_scatterload                        0x0800018d   Thumb Code     0  entry5.o(.ARM.Collect$$$$00000004)
    __main_after_scatterload                 0x08000191   Thumb Code     0  entry5.o(.ARM.Collect$$$$00000004)
    _main_clock                              0x08000191   Thumb Code     0  entry7b.o(.ARM.Collect$$$$00000008)
    _main_cpp_init                           0x08000191   Thumb Code     0  entry8b.o(.ARM.Collect$$$$0000000A)
    _main_init                               0x08000191   Thumb Code     0  entry9a.o(.ARM.Collect$$$$0000000B)
    __rt_final_cpp                           0x08000199   Thumb Code     0  entry10a.o(.ARM.Collect$$$$0000000D)
    __rt_final_exit                          0x08000199   Thumb Code     0  entry11a.o(.ARM.Collect$$$$0000000F)
    Reset_Handler                            0x0800019d   Thumb Code     8  startup_stm32f407xx.o(.text)
    CAN1_RX0_IRQHandler                      0x080001b7   Thumb Code     0  startup_stm32f407xx.o(.text)
    CAN1_RX1_IRQHandler                      0x080001b7   Thumb Code     0  startup_stm32f407xx.o(.text)
    CAN1_SCE_IRQHandler                      0x080001b7   Thumb Code     0  startup_stm32f407xx.o(.text)
    CAN1_TX_IRQHandler                       0x080001b7   Thumb Code     0  startup_stm32f407xx.o(.text)
    CAN2_RX0_IRQHandler                      0x080001b7   Thumb Code     0  startup_stm32f407xx.o(.text)
    CAN2_RX1_IRQHandler                      0x080001b7   Thumb Code     0  startup_stm32f407xx.o(.text)
    CAN2_SCE_IRQHandler                      0x080001b7   Thumb Code     0  startup_stm32f407xx.o(.text)
    CAN2_TX_IRQHandler                       0x080001b7   Thumb Code     0  startup_stm32f407xx.o(.text)
    DCMI_IRQHandler                          0x080001b7   Thumb Code     0  startup_stm32f407xx.o(.text)
    DMA1_Stream0_IRQHandler                  0x080001b7   Thumb Code     0  startup_stm32f407xx.o(.text)
    DMA1_Stream1_IRQHandler                  0x080001b7   Thumb Code     0  startup_stm32f407xx.o(.text)
    DMA1_Stream2_IRQHandler                  0x080001b7   Thumb Code     0  startup_stm32f407xx.o(.text)
    DMA1_Stream3_IRQHandler                  0x080001b7   Thumb Code     0  startup_stm32f407xx.o(.text)
    DMA1_Stream4_IRQHandler                  0x080001b7   Thumb Code     0  startup_stm32f407xx.o(.text)
    DMA1_Stream5_IRQHandler                  0x080001b7   Thumb Code     0  startup_stm32f407xx.o(.text)
    DMA1_Stream6_IRQHandler                  0x080001b7   Thumb Code     0  startup_stm32f407xx.o(.text)
    DMA1_Stream7_IRQHandler                  0x080001b7   Thumb Code     0  startup_stm32f407xx.o(.text)
    DMA2_Stream1_IRQHandler                  0x080001b7   Thumb Code     0  startup_stm32f407xx.o(.text)
    DMA2_Stream2_IRQHandler                  0x080001b7   Thumb Code     0  startup_stm32f407xx.o(.text)
    DMA2_Stream3_IRQHandler                  0x080001b7   Thumb Code     0  startup_stm32f407xx.o(.text)
    DMA2_Stream4_IRQHandler                  0x080001b7   Thumb Code     0  startup_stm32f407xx.o(.text)
    DMA2_Stream5_IRQHandler                  0x080001b7   Thumb Code     0  startup_stm32f407xx.o(.text)
    DMA2_Stream6_IRQHandler                  0x080001b7   Thumb Code     0  startup_stm32f407xx.o(.text)
    DMA2_Stream7_IRQHandler                  0x080001b7   Thumb Code     0  startup_stm32f407xx.o(.text)
    ETH_IRQHandler                           0x080001b7   Thumb Code     0  startup_stm32f407xx.o(.text)
    ETH_WKUP_IRQHandler                      0x080001b7   Thumb Code     0  startup_stm32f407xx.o(.text)
    EXTI0_IRQHandler                         0x080001b7   Thumb Code     0  startup_stm32f407xx.o(.text)
    EXTI15_10_IRQHandler                     0x080001b7   Thumb Code     0  startup_stm32f407xx.o(.text)
    EXTI1_IRQHandler                         0x080001b7   Thumb Code     0  startup_stm32f407xx.o(.text)
    EXTI2_IRQHandler                         0x080001b7   Thumb Code     0  startup_stm32f407xx.o(.text)
    EXTI3_IRQHandler                         0x080001b7   Thumb Code     0  startup_stm32f407xx.o(.text)
    EXTI4_IRQHandler                         0x080001b7   Thumb Code     0  startup_stm32f407xx.o(.text)
    EXTI9_5_IRQHandler                       0x080001b7   Thumb Code     0  startup_stm32f407xx.o(.text)
    FLASH_IRQHandler                         0x080001b7   Thumb Code     0  startup_stm32f407xx.o(.text)
    FMC_IRQHandler                           0x080001b7   Thumb Code     0  startup_stm32f407xx.o(.text)
    FPU_IRQHandler                           0x080001b7   Thumb Code     0  startup_stm32f407xx.o(.text)
    HASH_RNG_IRQHandler                      0x080001b7   Thumb Code     0  startup_stm32f407xx.o(.text)
    I2C1_ER_IRQHandler                       0x080001b7   Thumb Code     0  startup_stm32f407xx.o(.text)
    I2C1_EV_IRQHandler                       0x080001b7   Thumb Code     0  startup_stm32f407xx.o(.text)
    I2C2_ER_IRQHandler                       0x080001b7   Thumb Code     0  startup_stm32f407xx.o(.text)
    I2C2_EV_IRQHandler                       0x080001b7   Thumb Code     0  startup_stm32f407xx.o(.text)
    I2C3_ER_IRQHandler                       0x080001b7   Thumb Code     0  startup_stm32f407xx.o(.text)
    I2C3_EV_IRQHandler                       0x080001b7   Thumb Code     0  startup_stm32f407xx.o(.text)
    OTG_FS_IRQHandler                        0x080001b7   Thumb Code     0  startup_stm32f407xx.o(.text)
    OTG_FS_WKUP_IRQHandler                   0x080001b7   Thumb Code     0  startup_stm32f407xx.o(.text)
    OTG_HS_EP1_IN_IRQHandler                 0x080001b7   Thumb Code     0  startup_stm32f407xx.o(.text)
    OTG_HS_EP1_OUT_IRQHandler                0x080001b7   Thumb Code     0  startup_stm32f407xx.o(.text)
    OTG_HS_IRQHandler                        0x080001b7   Thumb Code     0  startup_stm32f407xx.o(.text)
    OTG_HS_WKUP_IRQHandler                   0x080001b7   Thumb Code     0  startup_stm32f407xx.o(.text)
    PVD_IRQHandler                           0x080001b7   Thumb Code     0  startup_stm32f407xx.o(.text)
    RCC_IRQHandler                           0x080001b7   Thumb Code     0  startup_stm32f407xx.o(.text)
    RTC_Alarm_IRQHandler                     0x080001b7   Thumb Code     0  startup_stm32f407xx.o(.text)
    RTC_WKUP_IRQHandler                      0x080001b7   Thumb Code     0  startup_stm32f407xx.o(.text)
    SDIO_IRQHandler                          0x080001b7   Thumb Code     0  startup_stm32f407xx.o(.text)
    SPI1_IRQHandler                          0x080001b7   Thumb Code     0  startup_stm32f407xx.o(.text)
    SPI2_IRQHandler                          0x080001b7   Thumb Code     0  startup_stm32f407xx.o(.text)
    SPI3_IRQHandler                          0x080001b7   Thumb Code     0  startup_stm32f407xx.o(.text)
    TAMP_STAMP_IRQHandler                    0x080001b7   Thumb Code     0  startup_stm32f407xx.o(.text)
    TIM1_BRK_TIM9_IRQHandler                 0x080001b7   Thumb Code     0  startup_stm32f407xx.o(.text)
    TIM1_CC_IRQHandler                       0x080001b7   Thumb Code     0  startup_stm32f407xx.o(.text)
    TIM1_TRG_COM_TIM11_IRQHandler            0x080001b7   Thumb Code     0  startup_stm32f407xx.o(.text)
    TIM1_UP_TIM10_IRQHandler                 0x080001b7   Thumb Code     0  startup_stm32f407xx.o(.text)
    TIM2_IRQHandler                          0x080001b7   Thumb Code     0  startup_stm32f407xx.o(.text)
    TIM3_IRQHandler                          0x080001b7   Thumb Code     0  startup_stm32f407xx.o(.text)
    TIM4_IRQHandler                          0x080001b7   Thumb Code     0  startup_stm32f407xx.o(.text)
    TIM5_IRQHandler                          0x080001b7   Thumb Code     0  startup_stm32f407xx.o(.text)
    TIM7_IRQHandler                          0x080001b7   Thumb Code     0  startup_stm32f407xx.o(.text)
    TIM8_BRK_TIM12_IRQHandler                0x080001b7   Thumb Code     0  startup_stm32f407xx.o(.text)
    TIM8_CC_IRQHandler                       0x080001b7   Thumb Code     0  startup_stm32f407xx.o(.text)
    TIM8_TRG_COM_TIM14_IRQHandler            0x080001b7   Thumb Code     0  startup_stm32f407xx.o(.text)
    TIM8_UP_TIM13_IRQHandler                 0x080001b7   Thumb Code     0  startup_stm32f407xx.o(.text)
    UART4_IRQHandler                         0x080001b7   Thumb Code     0  startup_stm32f407xx.o(.text)
    UART5_IRQHandler                         0x080001b7   Thumb Code     0  startup_stm32f407xx.o(.text)
    USART1_IRQHandler                        0x080001b7   Thumb Code     0  startup_stm32f407xx.o(.text)
    USART2_IRQHandler                        0x080001b7   Thumb Code     0  startup_stm32f407xx.o(.text)
    USART3_IRQHandler                        0x080001b7   Thumb Code     0  startup_stm32f407xx.o(.text)
    USART6_IRQHandler                        0x080001b7   Thumb Code     0  startup_stm32f407xx.o(.text)
    WWDG_IRQHandler                          0x080001b7   Thumb Code     0  startup_stm32f407xx.o(.text)
    __aeabi_uldivmod                         0x080001c1   Thumb Code    98  uldiv.o(.text)
    __aeabi_memset                           0x08000223   Thumb Code    14  memseta.o(.text)
    __aeabi_memset4                          0x08000223   Thumb Code     0  memseta.o(.text)
    __aeabi_memset8                          0x08000223   Thumb Code     0  memseta.o(.text)
    __aeabi_memclr                           0x08000231   Thumb Code     4  memseta.o(.text)
    __aeabi_memclr4                          0x08000231   Thumb Code     0  memseta.o(.text)
    __aeabi_memclr8                          0x08000231   Thumb Code     0  memseta.o(.text)
    _memset$wrapper                          0x08000235   Thumb Code    18  memseta.o(.text)
    strcat                                   0x08000247   Thumb Code    24  strcat.o(.text)
    strlen                                   0x0800025f   Thumb Code    14  strlen.o(.text)
    strcpy                                   0x0800026d   Thumb Code    18  strcpy.o(.text)
    __aeabi_dmul                             0x0800027f   Thumb Code   228  dmul.o(.text)
    __aeabi_ui2d                             0x08000363   Thumb Code    26  dfltui.o(.text)
    __aeabi_d2uiz                            0x0800037d   Thumb Code    50  dfixui.o(.text)
    __aeabi_uidiv                            0x080003af   Thumb Code     0  uidiv.o(.text)
    __aeabi_uidivmod                         0x080003af   Thumb Code    44  uidiv.o(.text)
    __aeabi_llsl                             0x080003db   Thumb Code    30  llshl.o(.text)
    _ll_shift_l                              0x080003db   Thumb Code     0  llshl.o(.text)
    __aeabi_llsr                             0x080003f9   Thumb Code    32  llushr.o(.text)
    _ll_ushift_r                             0x080003f9   Thumb Code     0  llushr.o(.text)
    __I$use$fp                               0x08000419   Thumb Code     0  iusefp.o(.text)
    _double_round                            0x08000419   Thumb Code    30  depilogue.o(.text)
    _double_epilogue                         0x08000437   Thumb Code   156  depilogue.o(.text)
    __aeabi_dadd                             0x080004d3   Thumb Code   322  dadd.o(.text)
    __aeabi_dsub                             0x08000615   Thumb Code     6  dadd.o(.text)
    __aeabi_drsub                            0x0800061b   Thumb Code     6  dadd.o(.text)
    __aeabi_ddiv                             0x08000621   Thumb Code   222  ddiv.o(.text)
    __aeabi_d2ulz                            0x080006ff   Thumb Code    48  dfixul.o(.text)
    __aeabi_cdrcmple                         0x08000731   Thumb Code    48  cdrcmple.o(.text)
    __scatterload                            0x08000761   Thumb Code    28  init.o(.text)
    __scatterload_rt2                        0x08000761   Thumb Code     0  init.o(.text)
    __aeabi_lasr                             0x08000785   Thumb Code    36  llsshr.o(.text)
    _ll_sshift_r                             0x08000785   Thumb Code     0  llsshr.o(.text)
    ADC_IRQHandler                           0x08000839   Thumb Code     6  stm32f4xx_it.o(i.ADC_IRQHandler)
    BusFault_Handler                         0x0800096d   Thumb Code     2  stm32f4xx_it.o(i.BusFault_Handler)
    DHT11_Init                               0x0800098d   Thumb Code    28  bsp_dht11.o(i.DHT11_Init)
    DMA2_Stream0_IRQHandler                  0x080009ad   Thumb Code     6  stm32f4xx_it.o(i.DMA2_Stream0_IRQHandler)
    DebugMon_Handler                         0x08000a5d   Thumb Code     2  stm32f4xx_it.o(i.DebugMon_Handler)
    Error_Handler                            0x08000a5f   Thumb Code     4  main.o(i.Error_Handler)
    FATFS_LinkDriver                         0x08000a63   Thumb Code     6  ff_gen_drv.o(i.FATFS_LinkDriver)
    FATFS_LinkDriverEx                       0x08000a69   Thumb Code    58  ff_gen_drv.o(i.FATFS_LinkDriverEx)
    HAL_ADCEx_InjectedConvCpltCallback       0x08000ae1   Thumb Code     2  stm32f4xx_hal_adc_ex.o(i.HAL_ADCEx_InjectedConvCpltCallback)
    HAL_ADC_ConfigChannel                    0x08000ae5   Thumb Code   316  stm32f4xx_hal_adc.o(i.HAL_ADC_ConfigChannel)
    HAL_ADC_ConvCpltCallback                 0x08000c31   Thumb Code     2  stm32f4xx_hal_adc.o(i.HAL_ADC_ConvCpltCallback)
    HAL_ADC_ConvHalfCpltCallback             0x08000c33   Thumb Code     2  stm32f4xx_hal_adc.o(i.HAL_ADC_ConvHalfCpltCallback)
    HAL_ADC_ErrorCallback                    0x08000c35   Thumb Code     2  stm32f4xx_hal_adc.o(i.HAL_ADC_ErrorCallback)
    HAL_ADC_IRQHandler                       0x08000c37   Thumb Code   316  stm32f4xx_hal_adc.o(i.HAL_ADC_IRQHandler)
    HAL_ADC_Init                             0x08000d73   Thumb Code    84  stm32f4xx_hal_adc.o(i.HAL_ADC_Init)
    HAL_ADC_LevelOutOfWindowCallback         0x08000dc7   Thumb Code     2  stm32f4xx_hal_adc.o(i.HAL_ADC_LevelOutOfWindowCallback)
    HAL_ADC_MspInit                          0x08000dc9   Thumb Code   146  stm32f4xx_hal_msp.o(i.HAL_ADC_MspInit)
    HAL_ADC_Start_DMA                        0x08000e71   Thumb Code   268  stm32f4xx_hal_adc.o(i.HAL_ADC_Start_DMA)
    HAL_DMA_IRQHandler                       0x08000fa1   Thumb Code   412  stm32f4xx_hal_dma.o(i.HAL_DMA_IRQHandler)
    HAL_DMA_Init                             0x08001141   Thumb Code   206  stm32f4xx_hal_dma.o(i.HAL_DMA_Init)
    HAL_DMA_Start_IT                         0x08001215   Thumb Code   110  stm32f4xx_hal_dma.o(i.HAL_DMA_Start_IT)
    HAL_Delay                                0x08001285   Thumb Code    32  stm32f4xx_hal.o(i.HAL_Delay)
    HAL_GPIO_Init                            0x080012a9   Thumb Code   394  stm32f4xx_hal_gpio.o(i.HAL_GPIO_Init)
    HAL_GPIO_ReadPin                         0x08001461   Thumb Code    10  stm32f4xx_hal_gpio.o(i.HAL_GPIO_ReadPin)
    HAL_GPIO_WritePin                        0x0800146b   Thumb Code    10  stm32f4xx_hal_gpio.o(i.HAL_GPIO_WritePin)
    HAL_GetTick                              0x08001475   Thumb Code     6  stm32f4xx_hal.o(i.HAL_GetTick)
    HAL_IncTick                              0x08001481   Thumb Code    12  stm32f4xx_hal.o(i.HAL_IncTick)
    HAL_Init                                 0x08001491   Thumb Code    48  stm32f4xx_hal.o(i.HAL_Init)
    HAL_InitTick                             0x080014c5   Thumb Code   100  stm32f4xx_hal_timebase_tim.o(i.HAL_InitTick)
    HAL_MspInit                              0x08001539   Thumb Code    42  stm32f4xx_hal_msp.o(i.HAL_MspInit)
    HAL_NVIC_EnableIRQ                       0x08001569   Thumb Code    26  stm32f4xx_hal_cortex.o(i.HAL_NVIC_EnableIRQ)
    HAL_NVIC_SetPriority                     0x08001585   Thumb Code    60  stm32f4xx_hal_cortex.o(i.HAL_NVIC_SetPriority)
    HAL_NVIC_SetPriorityGrouping             0x080015c5   Thumb Code    26  stm32f4xx_hal_cortex.o(i.HAL_NVIC_SetPriorityGrouping)
    HAL_RCCEx_PeriphCLKConfig                0x080015e9   Thumb Code   296  stm32f4xx_hal_rcc_ex.o(i.HAL_RCCEx_PeriphCLKConfig)
    HAL_RCC_ClockConfig                      0x08001725   Thumb Code   288  stm32f4xx_hal_rcc.o(i.HAL_RCC_ClockConfig)
    HAL_RCC_GetClockConfig                   0x08001859   Thumb Code    54  stm32f4xx_hal_rcc.o(i.HAL_RCC_GetClockConfig)
    HAL_RCC_GetPCLK1Freq                     0x08001899   Thumb Code    20  stm32f4xx_hal_rcc.o(i.HAL_RCC_GetPCLK1Freq)
    HAL_RCC_GetPCLK2Freq                     0x080018b9   Thumb Code    20  stm32f4xx_hal_rcc.o(i.HAL_RCC_GetPCLK2Freq)
    HAL_RCC_GetSysClockFreq                  0x080018d9   Thumb Code    88  stm32f4xx_hal_rcc.o(i.HAL_RCC_GetSysClockFreq)
    HAL_RCC_OscConfig                        0x08001939   Thumb Code   840  stm32f4xx_hal_rcc.o(i.HAL_RCC_OscConfig)
    HAL_RTC_GetDate                          0x08001c95   Thumb Code    62  stm32f4xx_hal_rtc.o(i.HAL_RTC_GetDate)
    HAL_RTC_GetTime                          0x08001cd9   Thumb Code    82  stm32f4xx_hal_rtc.o(i.HAL_RTC_GetTime)
    HAL_RTC_Init                             0x08001d31   Thumb Code   166  stm32f4xx_hal_rtc.o(i.HAL_RTC_Init)
    HAL_RTC_MspInit                          0x08001ddd   Thumb Code    16  stm32f4xx_hal_msp.o(i.HAL_RTC_MspInit)
    HAL_RTC_SetDate                          0x08001df5   Thumb Code   194  stm32f4xx_hal_rtc.o(i.HAL_RTC_SetDate)
    HAL_RTC_SetTime                          0x08001ebd   Thumb Code   230  stm32f4xx_hal_rtc.o(i.HAL_RTC_SetTime)
    HAL_RTC_WaitForSynchro                   0x08001fa9   Thumb Code    54  stm32f4xx_hal_rtc.o(i.HAL_RTC_WaitForSynchro)
    HAL_SPI_Init                             0x08001fdf   Thumb Code   128  stm32f4xx_hal_spi.o(i.HAL_SPI_Init)
    HAL_SPI_MspInit                          0x08002061   Thumb Code   184  stm32f4xx_hal_msp.o(i.HAL_SPI_MspInit)
    HAL_SPI_Transmit                         0x08002131   Thumb Code   348  stm32f4xx_hal_spi.o(i.HAL_SPI_Transmit)
    HAL_SPI_TransmitReceive                  0x0800228d   Thumb Code   482  stm32f4xx_hal_spi.o(i.HAL_SPI_TransmitReceive)
    HAL_SYSTICK_Callback                     0x0800246f   Thumb Code     2  stm32f4xx_hal_cortex.o(i.HAL_SYSTICK_Callback)
    HAL_SYSTICK_IRQHandler                   0x08002471   Thumb Code     8  stm32f4xx_hal_cortex.o(i.HAL_SYSTICK_IRQHandler)
    HAL_TIMEx_BreakCallback                  0x08002479   Thumb Code     2  stm32f4xx_hal_tim_ex.o(i.HAL_TIMEx_BreakCallback)
    HAL_TIMEx_CommutCallback                 0x0800247b   Thumb Code     2  stm32f4xx_hal_tim_ex.o(i.HAL_TIMEx_CommutCallback)
    HAL_TIM_Base_Init                        0x0800247d   Thumb Code    54  stm32f4xx_hal_tim.o(i.HAL_TIM_Base_Init)
    HAL_TIM_Base_MspInit                     0x080024b3   Thumb Code     2  stm32f4xx_hal_tim.o(i.HAL_TIM_Base_MspInit)
    HAL_TIM_Base_Start_IT                    0x080024b5   Thumb Code    34  stm32f4xx_hal_tim.o(i.HAL_TIM_Base_Start_IT)
    HAL_TIM_IC_CaptureCallback               0x080024d7   Thumb Code     2  stm32f4xx_hal_tim.o(i.HAL_TIM_IC_CaptureCallback)
    HAL_TIM_IRQHandler                       0x080024d9   Thumb Code   358  stm32f4xx_hal_tim.o(i.HAL_TIM_IRQHandler)
    HAL_TIM_OC_DelayElapsedCallback          0x0800263f   Thumb Code     2  stm32f4xx_hal_tim.o(i.HAL_TIM_OC_DelayElapsedCallback)
    HAL_TIM_PWM_PulseFinishedCallback        0x08002641   Thumb Code     2  stm32f4xx_hal_tim.o(i.HAL_TIM_PWM_PulseFinishedCallback)
    HAL_TIM_PeriodElapsedCallback            0x08002645   Thumb Code    14  main.o(i.HAL_TIM_PeriodElapsedCallback)
    HAL_TIM_TriggerCallback                  0x08002659   Thumb Code     2  stm32f4xx_hal_tim.o(i.HAL_TIM_TriggerCallback)
    HAL_UART_Init                            0x0800265b   Thumb Code    98  stm32f4xx_hal_uart.o(i.HAL_UART_Init)
    HAL_UART_MspInit                         0x080026bd   Thumb Code   284  stm32f4xx_hal_msp.o(i.HAL_UART_MspInit)
    HAL_UART_Receive                         0x080027f9   Thumb Code   190  stm32f4xx_hal_uart.o(i.HAL_UART_Receive)
    HAL_UART_Transmit                        0x080028b7   Thumb Code   186  stm32f4xx_hal_uart.o(i.HAL_UART_Transmit)
    HardFault_Handler                        0x08002971   Thumb Code     2  stm32f4xx_it.o(i.HardFault_Handler)
    LCD1602_1stLine                          0x08002973   Thumb Code     8  stm_my_lcd16x2.o(i.LCD1602_1stLine)
    LCD1602_2ndLine                          0x0800297b   Thumb Code     8  stm_my_lcd16x2.o(i.LCD1602_2ndLine)
    LCD1602_Begin4BIT                        0x08002985   Thumb Code   130  stm_my_lcd16x2.o(i.LCD1602_Begin4BIT)
    LCD1602_clear                            0x08002b0d   Thumb Code    18  stm_my_lcd16x2.o(i.LCD1602_clear)
    LCD1602_noBlink                          0x08002b21   Thumb Code    14  stm_my_lcd16x2.o(i.LCD1602_noBlink)
    LCD1602_noCursor                         0x08002b35   Thumb Code    14  stm_my_lcd16x2.o(i.LCD1602_noCursor)
    LCD1602_print                            0x08002b49   Thumb Code    36  stm_my_lcd16x2.o(i.LCD1602_print)
    LCD1602_setCursor                        0x08002b6d   Thumb Code    26  stm_my_lcd16x2.o(i.LCD1602_setCursor)
    MFRC522_AntennaOn                        0x08002cc9   Thumb Code    26  rc522.o(i.MFRC522_AntennaOn)
    MFRC522_Anticoll                         0x08002ce3   Thumb Code    66  rc522.o(i.MFRC522_Anticoll)
    MFRC522_Check                            0x08002d25   Thumb Code    28  rc522.o(i.MFRC522_Check)
    MFRC522_ClearBitMask                     0x08002d41   Thumb Code    24  rc522.o(i.MFRC522_ClearBitMask)
    MFRC522_Compare                          0x08002d59   Thumb Code    28  rc522.o(i.MFRC522_Compare)
    MFRC522_Init                             0x08002d75   Thumb Code    70  rc522.o(i.MFRC522_Init)
    MFRC522_ReadRegister                     0x08002dbb   Thumb Code    14  rc522.o(i.MFRC522_ReadRegister)
    MFRC522_Request                          0x08002dc9   Thumb Code    46  rc522.o(i.MFRC522_Request)
    MFRC522_Reset                            0x08002df7   Thumb Code     8  rc522.o(i.MFRC522_Reset)
    MFRC522_SetBitMask                       0x08002dff   Thumb Code    24  rc522.o(i.MFRC522_SetBitMask)
    MFRC522_ToCard                           0x08002e17   Thumb Code   276  rc522.o(i.MFRC522_ToCard)
    MFRC522_WriteRegister                    0x08002f2b   Thumb Code    10  rc522.o(i.MFRC522_WriteRegister)
    MX_FATFS_Init                            0x08002fad   Thumb Code    18  fatfs.o(i.MX_FATFS_Init)
    MemManage_Handler                        0x0800322d   Thumb Code     2  stm32f4xx_it.o(i.MemManage_Handler)
    NMI_Handler                              0x0800322f   Thumb Code     2  stm32f4xx_it.o(i.NMI_Handler)
    PendSV_Handler                           0x08003231   Thumb Code     2  stm32f4xx_it.o(i.PendSV_Handler)
    RTC_Bcd2ToByte                           0x08003295   Thumb Code    18  stm32f4xx_hal_rtc.o(i.RTC_Bcd2ToByte)
    RTC_ByteToBcd2                           0x080032a7   Thumb Code    22  stm32f4xx_hal_rtc.o(i.RTC_ByteToBcd2)
    RTC_EnterInitMode                        0x080032bd   Thumb Code    58  stm32f4xx_hal_rtc.o(i.RTC_EnterInitMode)
    Read_TempAndHumidity                     0x080032f9   Thumb Code   176  bsp_dht11.o(i.Read_TempAndHumidity)
    SD_disk_initialize                       0x08003549   Thumb Code   298  fatfs_sd.o(i.SD_disk_initialize)
    SD_disk_ioctl                            0x08003679   Thumb Code   314  fatfs_sd.o(i.SD_disk_ioctl)
    SD_disk_read                             0x080037b9   Thumb Code   146  fatfs_sd.o(i.SD_disk_read)
    SD_disk_status                           0x08003851   Thumb Code    12  fatfs_sd.o(i.SD_disk_status)
    SD_disk_write                            0x08003861   Thumb Code   178  fatfs_sd.o(i.SD_disk_write)
    SPI1SendByte                             0x08003935   Thumb Code    28  rc522.o(i.SPI1SendByte)
    SPI1_ReadReg                             0x08003955   Thumb Code    44  rc522.o(i.SPI1_ReadReg)
    SPI1_WriteReg                            0x08003985   Thumb Code    44  rc522.o(i.SPI1_WriteReg)
    SVC_Handler                              0x08003b09   Thumb Code     2  stm32f4xx_it.o(i.SVC_Handler)
    SysTick_Handler                          0x08003b0d   Thumb Code    34  stm32f4xx_it.o(i.SysTick_Handler)
    SystemClock_Config                       0x08003b39   Thumb Code   172  main.o(i.SystemClock_Config)
    SystemInit                               0x08003bed   Thumb Code    22  system_stm32f4xx.o(i.SystemInit)
    TIM6_DAC_IRQHandler                      0x08003c09   Thumb Code     6  stm32f4xx_it.o(i.TIM6_DAC_IRQHandler)
    TIM_Base_SetConfig                       0x08003c15   Thumb Code   156  stm32f4xx_hal_tim.o(i.TIM_Base_SetConfig)
    UART3_FINGER_Init                        0x08003cdd   Thumb Code    48  r305.o(i.UART3_FINGER_Init)
    USER_initialize                          0x08003ea1   Thumb Code     4  user_diskio.o(i.USER_initialize)
    USER_ioctl                               0x08003ea5   Thumb Code     4  user_diskio.o(i.USER_ioctl)
    USER_read                                0x08003ea9   Thumb Code     4  user_diskio.o(i.USER_read)
    USER_status                              0x08003ead   Thumb Code     4  user_diskio.o(i.USER_status)
    USER_write                               0x08003eb1   Thumb Code     4  user_diskio.o(i.USER_write)
    UsageFault_Handler                       0x08003eb5   Thumb Code     2  stm32f4xx_it.o(i.UsageFault_Handler)
    __0sprintf                               0x08003eb9   Thumb Code    34  printfa.o(i.__0sprintf)
    __1sprintf                               0x08003eb9   Thumb Code     0  printfa.o(i.__0sprintf)
    __2sprintf                               0x08003eb9   Thumb Code     0  printfa.o(i.__0sprintf)
    __c89sprintf                             0x08003eb9   Thumb Code     0  printfa.o(i.__0sprintf)
    sprintf                                  0x08003eb9   Thumb Code     0  printfa.o(i.__0sprintf)
    __scatterload_copy                       0x08003f01   Thumb Code    14  handlers.o(i.__scatterload_copy)
    __scatterload_null                       0x08003f0f   Thumb Code     2  handlers.o(i.__scatterload_null)
    __scatterload_zeroinit                   0x08003f11   Thumb Code    14  handlers.o(i.__scatterload_zeroinit)
    bufsize                                  0x080047bd   Thumb Code    18  main.o(i.bufsize)
    delay_us                                 0x08004c6d   Thumb Code   136  bsp_dht11.o(i.delay_us)
    disk_initialize                          0x0800513d   Thumb Code    36  diskio.o(i.disk_initialize)
    disk_ioctl                               0x08005165   Thumb Code    24  diskio.o(i.disk_ioctl)
    disk_read                                0x08005181   Thumb Code    24  diskio.o(i.disk_read)
    disk_status                              0x0800519d   Thumb Code    18  diskio.o(i.disk_status)
    disk_write                               0x080051b5   Thumb Code    24  diskio.o(i.disk_write)
    f_close                                  0x080051d1   Thumb Code    40  ff.o(i.f_close)
    f_mount                                  0x080051f9   Thumb Code    84  ff.o(i.f_mount)
    f_open                                   0x08005251   Thumb Code   532  ff.o(i.f_open)
    f_sync                                   0x08005469   Thumb Code   142  ff.o(i.f_sync)
    f_write                                  0x080054f7   Thumb Code   434  ff.o(i.f_write)
    ff_convert                               0x080056a9   Thumb Code    52  ccsbcs.o(i.ff_convert)
    ff_wtoupper                              0x080056e1   Thumb Code   120  ccsbcs.o(i.ff_wtoupper)
    fingerFastSearch                         0x080059f1   Thumb Code    88  r305.o(i.fingerFastSearch)
    fingerIDSearch                           0x08005a59   Thumb Code   104  r305.o(i.fingerIDSearch)
    getImage                                 0x08005c0d   Thumb Code    52  r305.o(i.getImage)
    getReply                                 0x08005c4d   Thumb Code   142  r305.o(i.getReply)
    get_fattime                              0x08005dc9   Thumb Code     4  fatfs.o(i.get_fattime)
    get_time                                 0x08005e09   Thumb Code    46  main.o(i.get_time)
    hienthidefaut                            0x08005e45   Thumb Code    88  main.o(i.hienthidefaut)
    image2Tz                                 0x08005ecd   Thumb Code    56  r305.o(i.image2Tz)
    luusdcard                                0x08005fd9   Thumb Code    76  main.o(i.luusdcard)
    main                                     0x08006045   Thumb Code  1612  main.o(i.main)
    modecontrol                              0x080066d5   Thumb Code    20  main.o(i.modecontrol)
    moderfid                                 0x080066f5   Thumb Code    20  main.o(i.moderfid)
    modevantay                               0x08006719   Thumb Code    20  main.o(i.modevantay)
    send_uart                                0x08006909   Thumb Code    26  main.o(i.send_uart)
    send_uart1                               0x08006929   Thumb Code    26  main.o(i.send_uart1)
    set_time                                 0x08006949   Thumb Code    58  main.o(i.set_time)
    tatthietbi                               0x08006ac9   Thumb Code    38  main.o(i.tatthietbi)
    verifyPassword                           0x08006b29   Thumb Code    80  r305.o(i.verifyPassword)
    writePacket                              0x08006b89   Thumb Code   258  r305.o(i.writePacket)
    AHBPrescTable                            0x08006c98   Data          16  system_stm32f4xx.o(.constdata)
    APBPrescTable                            0x08006ca8   Data           8  system_stm32f4xx.o(.constdata)
    Region$$Table$$Base                      0x08007108   Number         0  anon$$obj.o(Region$$Table)
    Region$$Table$$Limit                     0x08007128   Number         0  anon$$obj.o(Region$$Table)
    fingerID                                 0x20000000   Data           2  r305.o(.data)
    confidence                               0x20000002   Data           2  r305.o(.data)
    thePassword                              0x20000004   Data           4  r305.o(.data)
    theAddress                               0x20000008   Data           4  r305.o(.data)
    Timer1                                   0x20000034   Data           2  fatfs_sd.o(.data)
    Timer2                                   0x20000036   Data           2  fatfs_sd.o(.data)
    thu                                      0x20000038   Data           1  main.o(.data)
    y                                        0x20000039   Data           1  main.o(.data)
    fres                                     0x2000003a   Data           1  main.o(.data)
    n                                        0x2000003b   Data           3  main.o(.data)
    bw                                       0x20000040   Data           4  main.o(.data)
    a                                        0x20000044   Data           4  main.o(.data)
    b                                        0x20000048   Data           4  main.o(.data)
    sDate                                    0x2000004c   Data           4  main.o(.data)
    MyID1                                    0x20000050   Data           5  main.o(.data)
    MyID2                                    0x20000055   Data           5  main.o(.data)
    MyID3                                    0x2000005a   Data           5  main.o(.data)
    CardID                                   0x2000005f   Data           5  main.o(.data)
    name1                                    0x20000064   Data          10  main.o(.data)
    name23                                   0x2000006e   Data          10  main.o(.data)
    name4                                    0x20000078   Data          10  main.o(.data)
    uwTickFreq                               0x20000084   Data           1  stm32f4xx_hal.o(.data)
    uwTickPrio                               0x20000088   Data           4  stm32f4xx_hal.o(.data)
    uwTick                                   0x2000008c   Data           4  stm32f4xx_hal.o(.data)
    SystemCoreClock                          0x20000090   Data           4  system_stm32f4xx.o(.data)
    USER_Driver                              0x20000094   Data          20  user_diskio.o(.data)
    retUSER                                  0x200000a8   Data           1  fatfs.o(.data)
    USERPath                                 0x200000a9   Data           4  fatfs.o(.data)
    uartFinger                               0x200000b8   Data          64  r305.o(.bss)
    recvPacket                               0x200000f8   Data          20  r305.o(.bss)
    abd                                      0x2000010c   Data          50  main.o(.bss)
    TG                                       0x2000013e   Data          40  main.o(.bss)
    TIMENAME                                 0x20000166   Data          50  main.o(.bss)
    ngay                                     0x20000198   Data          40  main.o(.bss)
    gio                                      0x200001c0   Data          40  main.o(.bss)
    fs                                       0x200001e8   Data        4152  main.o(.bss)
    fil                                      0x20001220   Data        4144  main.o(.bss)
    hadc1                                    0x20002250   Data          72  main.o(.bss)
    hrtc                                     0x20002298   Data          32  main.o(.bss)
    hspi1                                    0x200022b8   Data          88  main.o(.bss)
    hspi2                                    0x20002310   Data          88  main.o(.bss)
    huart4                                   0x20002368   Data          64  main.o(.bss)
    huart2                                   0x200023a8   Data          64  main.o(.bss)
    huart3                                   0x200023e8   Data          64  main.o(.bss)
    huart6                                   0x20002428   Data          64  main.o(.bss)
    sTime                                    0x20002468   Data          20  main.o(.bss)
    hdma_adc1                                0x2000247c   Data          96  main.o(.bss)
    htim6                                    0x200024dc   Data          64  stm32f4xx_hal_timebase_tim.o(.bss)
    disk                                     0x2000273c   Data          12  ff_gen_drv.o(.bss)
    __initial_sp                             0x20002b48   Data           0  startup_stm32f407xx.o(STACK)



==============================================================================

Memory Map of the image

  Image Entry point : 0x08000189

  Load Region LR_IROM1 (Base: 0x08000000, Size: 0x000071e0, Max: 0x00100000, ABSOLUTE)

    Execution Region ER_IROM1 (Base: 0x08000000, Size: 0x00007128, Max: 0x00100000, ABSOLUTE)

    Base Addr    Size         Type   Attr      Idx    E Section Name        Object

    0x08000000   0x00000188   Data   RO            3    RESET               startup_stm32f407xx.o
    0x08000188   0x00000000   Code   RO         5096  * .ARM.Collect$$$$00000000  mc_w.l(entry.o)
    0x08000188   0x00000004   Code   RO         5378    .ARM.Collect$$$$00000001  mc_w.l(entry2.o)
    0x0800018c   0x00000004   Code   RO         5381    .ARM.Collect$$$$00000004  mc_w.l(entry5.o)
    0x08000190   0x00000000   Code   RO         5383    .ARM.Collect$$$$00000008  mc_w.l(entry7b.o)
    0x08000190   0x00000000   Code   RO         5385    .ARM.Collect$$$$0000000A  mc_w.l(entry8b.o)
    0x08000190   0x00000008   Code   RO         5386    .ARM.Collect$$$$0000000B  mc_w.l(entry9a.o)
    0x08000198   0x00000000   Code   RO         5388    .ARM.Collect$$$$0000000D  mc_w.l(entry10a.o)
    0x08000198   0x00000000   Code   RO         5390    .ARM.Collect$$$$0000000F  mc_w.l(entry11a.o)
    0x08000198   0x00000004   Code   RO         5379    .ARM.Collect$$$$00002712  mc_w.l(entry2.o)
    0x0800019c   0x00000024   Code   RO            4    .text               startup_stm32f407xx.o
    0x080001c0   0x00000062   Code   RO         5099    .text               mc_w.l(uldiv.o)
    0x08000222   0x00000024   Code   RO         5101    .text               mc_w.l(memseta.o)
    0x08000246   0x00000018   Code   RO         5103    .text               mc_w.l(strcat.o)
    0x0800025e   0x0000000e   Code   RO         5105    .text               mc_w.l(strlen.o)
    0x0800026c   0x00000012   Code   RO         5107    .text               mc_w.l(strcpy.o)
    0x0800027e   0x000000e4   Code   RO         5370    .text               mf_w.l(dmul.o)
    0x08000362   0x0000001a   Code   RO         5372    .text               mf_w.l(dfltui.o)
    0x0800037c   0x00000032   Code   RO         5374    .text               mf_w.l(dfixui.o)
    0x080003ae   0x0000002c   Code   RO         5393    .text               mc_w.l(uidiv.o)
    0x080003da   0x0000001e   Code   RO         5395    .text               mc_w.l(llshl.o)
    0x080003f8   0x00000020   Code   RO         5397    .text               mc_w.l(llushr.o)
    0x08000418   0x00000000   Code   RO         5399    .text               mc_w.l(iusefp.o)
    0x08000418   0x000000ba   Code   RO         5400    .text               mf_w.l(depilogue.o)
    0x080004d2   0x0000014e   Code   RO         5402    .text               mf_w.l(dadd.o)
    0x08000620   0x000000de   Code   RO         5404    .text               mf_w.l(ddiv.o)
    0x080006fe   0x00000030   Code   RO         5406    .text               mf_w.l(dfixul.o)
    0x0800072e   0x00000002   PAD
    0x08000730   0x00000030   Code   RO         5408    .text               mf_w.l(cdrcmple.o)
    0x08000760   0x00000024   Code   RO         5410    .text               mc_w.l(init.o)
    0x08000784   0x00000024   Code   RO         5412    .text               mc_w.l(llsshr.o)
    0x080007a8   0x0000006e   Code   RO         1097    i.ADC_DMAConvCplt   stm32f4xx_hal_adc.o
    0x08000816   0x00000016   Code   RO         1098    i.ADC_DMAError      stm32f4xx_hal_adc.o
    0x0800082c   0x0000000a   Code   RO         1099    i.ADC_DMAHalfConvCplt  stm32f4xx_hal_adc.o
    0x08000836   0x00000002   PAD
    0x08000838   0x0000000c   Code   RO          891    i.ADC_IRQHandler    stm32f4xx_it.o
    0x08000844   0x00000128   Code   RO         1100    i.ADC_Init          stm32f4xx_hal_adc.o
    0x0800096c   0x00000002   Code   RO          892    i.BusFault_Handler  stm32f4xx_it.o
    0x0800096e   0x00000002   PAD
    0x08000970   0x0000001c   Code   RO          603    i.DESELECT          fatfs_sd.o
    0x0800098c   0x00000020   Code   RO           13    i.DHT11_Init        bsp_dht11.o
    0x080009ac   0x0000000c   Code   RO          893    i.DMA2_Stream0_IRQHandler  stm32f4xx_it.o
    0x080009b8   0x00000028   Code   RO         1831    i.DMA_CalcBaseAndBitshift  stm32f4xx_hal_dma.o
    0x080009e0   0x00000054   Code   RO         1832    i.DMA_CheckFifoParam  stm32f4xx_hal_dma.o
    0x08000a34   0x00000028   Code   RO         1833    i.DMA_SetConfig     stm32f4xx_hal_dma.o
    0x08000a5c   0x00000002   Code   RO          894    i.DebugMon_Handler  stm32f4xx_it.o
    0x08000a5e   0x00000004   Code   RO          723    i.Error_Handler     main.o
    0x08000a62   0x00000006   Code   RO         4993    i.FATFS_LinkDriver  ff_gen_drv.o
    0x08000a68   0x00000040   Code   RO         4994    i.FATFS_LinkDriverEx  ff_gen_drv.o
    0x08000aa8   0x00000038   Code   RO           14    i.GPIO_DHT11_OUT    bsp_dht11.o
    0x08000ae0   0x00000002   Code   RO         1271    i.HAL_ADCEx_InjectedConvCpltCallback  stm32f4xx_hal_adc_ex.o
    0x08000ae2   0x00000002   PAD
    0x08000ae4   0x0000014c   Code   RO         1102    i.HAL_ADC_ConfigChannel  stm32f4xx_hal_adc.o
    0x08000c30   0x00000002   Code   RO         1103    i.HAL_ADC_ConvCpltCallback  stm32f4xx_hal_adc.o
    0x08000c32   0x00000002   Code   RO         1104    i.HAL_ADC_ConvHalfCpltCallback  stm32f4xx_hal_adc.o
    0x08000c34   0x00000002   Code   RO         1106    i.HAL_ADC_ErrorCallback  stm32f4xx_hal_adc.o
    0x08000c36   0x0000013c   Code   RO         1110    i.HAL_ADC_IRQHandler  stm32f4xx_hal_adc.o
    0x08000d72   0x00000054   Code   RO         1111    i.HAL_ADC_Init      stm32f4xx_hal_adc.o
    0x08000dc6   0x00000002   Code   RO         1112    i.HAL_ADC_LevelOutOfWindowCallback  stm32f4xx_hal_adc.o
    0x08000dc8   0x000000a8   Code   RO          986    i.HAL_ADC_MspInit   stm32f4xx_hal_msp.o
    0x08000e70   0x00000130   Code   RO         1118    i.HAL_ADC_Start_DMA  stm32f4xx_hal_adc.o
    0x08000fa0   0x000001a0   Code   RO         1839    i.HAL_DMA_IRQHandler  stm32f4xx_hal_dma.o
    0x08001140   0x000000d4   Code   RO         1840    i.HAL_DMA_Init      stm32f4xx_hal_dma.o
    0x08001214   0x0000006e   Code   RO         1844    i.HAL_DMA_Start_IT  stm32f4xx_hal_dma.o
    0x08001282   0x00000002   PAD
    0x08001284   0x00000024   Code   RO         2253    i.HAL_Delay         stm32f4xx_hal.o
    0x080012a8   0x000001b8   Code   RO         1727    i.HAL_GPIO_Init     stm32f4xx_hal_gpio.o
    0x08001460   0x0000000a   Code   RO         1729    i.HAL_GPIO_ReadPin  stm32f4xx_hal_gpio.o
    0x0800146a   0x0000000a   Code   RO         1731    i.HAL_GPIO_WritePin  stm32f4xx_hal_gpio.o
    0x08001474   0x0000000c   Code   RO         2259    i.HAL_GetTick       stm32f4xx_hal.o
    0x08001480   0x00000010   Code   RO         2265    i.HAL_IncTick       stm32f4xx_hal.o
    0x08001490   0x00000034   Code   RO         2266    i.HAL_Init          stm32f4xx_hal.o
    0x080014c4   0x00000074   Code   RO         1058    i.HAL_InitTick      stm32f4xx_hal_timebase_tim.o
    0x08001538   0x00000030   Code   RO          987    i.HAL_MspInit       stm32f4xx_hal_msp.o
    0x08001568   0x0000001a   Code   RO         2116    i.HAL_NVIC_EnableIRQ  stm32f4xx_hal_cortex.o
    0x08001582   0x00000002   PAD
    0x08001584   0x00000040   Code   RO         2122    i.HAL_NVIC_SetPriority  stm32f4xx_hal_cortex.o
    0x080015c4   0x00000024   Code   RO         2123    i.HAL_NVIC_SetPriorityGrouping  stm32f4xx_hal_cortex.o
    0x080015e8   0x0000013c   Code   RO         1478    i.HAL_RCCEx_PeriphCLKConfig  stm32f4xx_hal_rcc_ex.o
    0x08001724   0x00000134   Code   RO         1373    i.HAL_RCC_ClockConfig  stm32f4xx_hal_rcc.o
    0x08001858   0x00000040   Code   RO         1377    i.HAL_RCC_GetClockConfig  stm32f4xx_hal_rcc.o
    0x08001898   0x00000020   Code   RO         1380    i.HAL_RCC_GetPCLK1Freq  stm32f4xx_hal_rcc.o
    0x080018b8   0x00000020   Code   RO         1381    i.HAL_RCC_GetPCLK2Freq  stm32f4xx_hal_rcc.o
    0x080018d8   0x00000060   Code   RO         1382    i.HAL_RCC_GetSysClockFreq  stm32f4xx_hal_rcc.o
    0x08001938   0x0000035c   Code   RO         1385    i.HAL_RCC_OscConfig  stm32f4xx_hal_rcc.o
    0x08001c94   0x00000044   Code   RO         2509    i.HAL_RTC_GetDate   stm32f4xx_hal_rtc.o
    0x08001cd8   0x00000058   Code   RO         2511    i.HAL_RTC_GetTime   stm32f4xx_hal_rtc.o
    0x08001d30   0x000000ac   Code   RO         2512    i.HAL_RTC_Init      stm32f4xx_hal_rtc.o
    0x08001ddc   0x00000018   Code   RO          989    i.HAL_RTC_MspInit   stm32f4xx_hal_msp.o
    0x08001df4   0x000000c8   Code   RO         2518    i.HAL_RTC_SetDate   stm32f4xx_hal_rtc.o
    0x08001ebc   0x000000ec   Code   RO         2519    i.HAL_RTC_SetTime   stm32f4xx_hal_rtc.o
    0x08001fa8   0x00000036   Code   RO         2520    i.HAL_RTC_WaitForSynchro  stm32f4xx_hal_rtc.o
    0x08001fde   0x00000080   Code   RO         2880    i.HAL_SPI_Init      stm32f4xx_hal_spi.o
    0x0800205e   0x00000002   PAD
    0x08002060   0x000000d0   Code   RO          991    i.HAL_SPI_MspInit   stm32f4xx_hal_msp.o
    0x08002130   0x0000015c   Code   RO         2888    i.HAL_SPI_Transmit  stm32f4xx_hal_spi.o
    0x0800228c   0x000001e2   Code   RO         2889    i.HAL_SPI_TransmitReceive  stm32f4xx_hal_spi.o
    0x0800246e   0x00000002   Code   RO         2126    i.HAL_SYSTICK_Callback  stm32f4xx_hal_cortex.o
    0x08002470   0x00000008   Code   RO         2128    i.HAL_SYSTICK_IRQHandler  stm32f4xx_hal_cortex.o
    0x08002478   0x00000002   Code   RO         3868    i.HAL_TIMEx_BreakCallback  stm32f4xx_hal_tim_ex.o
    0x0800247a   0x00000002   Code   RO         3869    i.HAL_TIMEx_CommutCallback  stm32f4xx_hal_tim_ex.o
    0x0800247c   0x00000036   Code   RO         3193    i.HAL_TIM_Base_Init  stm32f4xx_hal_tim.o
    0x080024b2   0x00000002   Code   RO         3195    i.HAL_TIM_Base_MspInit  stm32f4xx_hal_tim.o
    0x080024b4   0x00000022   Code   RO         3198    i.HAL_TIM_Base_Start_IT  stm32f4xx_hal_tim.o
    0x080024d6   0x00000002   Code   RO         3222    i.HAL_TIM_IC_CaptureCallback  stm32f4xx_hal_tim.o
    0x080024d8   0x00000166   Code   RO         3236    i.HAL_TIM_IRQHandler  stm32f4xx_hal_tim.o
    0x0800263e   0x00000002   Code   RO         3239    i.HAL_TIM_OC_DelayElapsedCallback  stm32f4xx_hal_tim.o
    0x08002640   0x00000002   Code   RO         3266    i.HAL_TIM_PWM_PulseFinishedCallback  stm32f4xx_hal_tim.o
    0x08002642   0x00000002   PAD
    0x08002644   0x00000014   Code   RO          724    i.HAL_TIM_PeriodElapsedCallback  main.o
    0x08002658   0x00000002   Code   RO         3279    i.HAL_TIM_TriggerCallback  stm32f4xx_hal_tim.o
    0x0800265a   0x00000062   Code   RO         4144    i.HAL_UART_Init     stm32f4xx_hal_uart.o
    0x080026bc   0x0000013c   Code   RO          993    i.HAL_UART_MspInit  stm32f4xx_hal_msp.o
    0x080027f8   0x000000be   Code   RO         4147    i.HAL_UART_Receive  stm32f4xx_hal_uart.o
    0x080028b6   0x000000ba   Code   RO         4152    i.HAL_UART_Transmit  stm32f4xx_hal_uart.o
    0x08002970   0x00000002   Code   RO          895    i.HardFault_Handler  stm32f4xx_it.o
    0x08002972   0x00000008   Code   RO          435    i.LCD1602_1stLine   stm_my_lcd16x2.o
    0x0800297a   0x00000008   Code   RO          436    i.LCD1602_2ndLine   stm_my_lcd16x2.o
    0x08002982   0x00000002   PAD
    0x08002984   0x00000088   Code   RO          437    i.LCD1602_Begin4BIT  stm_my_lcd16x2.o
    0x08002a0c   0x0000002c   Code   RO          439    i.LCD1602_EnablePulse  stm_my_lcd16x2.o
    0x08002a38   0x00000014   Code   RO          443    i.LCD1602_RS        stm_my_lcd16x2.o
    0x08002a4c   0x00000094   Code   RO          444    i.LCD1602_TIM_Config  stm_my_lcd16x2.o
    0x08002ae0   0x0000002c   Code   RO          445    i.LCD1602_TIM_MicorSecDelay  stm_my_lcd16x2.o
    0x08002b0c   0x00000012   Code   RO          448    i.LCD1602_clear     stm_my_lcd16x2.o
    0x08002b1e   0x00000002   PAD
    0x08002b20   0x00000014   Code   RO          451    i.LCD1602_noBlink   stm_my_lcd16x2.o
    0x08002b34   0x00000014   Code   RO          452    i.LCD1602_noCursor  stm_my_lcd16x2.o
    0x08002b48   0x00000024   Code   RO          454    i.LCD1602_print     stm_my_lcd16x2.o
    0x08002b6c   0x0000001a   Code   RO          455    i.LCD1602_setCursor  stm_my_lcd16x2.o
    0x08002b86   0x00000002   PAD
    0x08002b88   0x000000e4   Code   RO          458    i.LCD1602_write     stm_my_lcd16x2.o
    0x08002c6c   0x00000048   Code   RO          459    i.LCD1602_write4bitCommand  stm_my_lcd16x2.o
    0x08002cb4   0x00000014   Code   RO          460    i.LCD1602_writeCommand  stm_my_lcd16x2.o
    0x08002cc8   0x0000001a   Code   RO          291    i.MFRC522_AntennaOn  rc522.o
    0x08002ce2   0x00000042   Code   RO          292    i.MFRC522_Anticoll  rc522.o
    0x08002d24   0x0000001c   Code   RO          295    i.MFRC522_Check     rc522.o
    0x08002d40   0x00000018   Code   RO          296    i.MFRC522_ClearBitMask  rc522.o
    0x08002d58   0x0000001c   Code   RO          297    i.MFRC522_Compare   rc522.o
    0x08002d74   0x00000046   Code   RO          299    i.MFRC522_Init      rc522.o
    0x08002dba   0x0000000e   Code   RO          301    i.MFRC522_ReadRegister  rc522.o
    0x08002dc8   0x0000002e   Code   RO          302    i.MFRC522_Request   rc522.o
    0x08002df6   0x00000008   Code   RO          303    i.MFRC522_Reset     rc522.o
    0x08002dfe   0x00000018   Code   RO          305    i.MFRC522_SetBitMask  rc522.o
    0x08002e16   0x00000114   Code   RO          306    i.MFRC522_ToCard    rc522.o
    0x08002f2a   0x0000000a   Code   RO          308    i.MFRC522_WriteRegister  rc522.o
    0x08002f34   0x00000078   Code   RO          725    i.MX_ADC1_Init      main.o
    0x08002fac   0x0000001c   Code   RO         4543    i.MX_FATFS_Init     fatfs.o
    0x08002fc8   0x00000154   Code   RO          726    i.MX_GPIO_Init      main.o
    0x0800311c   0x00000088   Code   RO          727    i.MX_RTC_Init       main.o
    0x080031a4   0x00000044   Code   RO          728    i.MX_SPI1_Init      main.o
    0x080031e8   0x00000044   Code   RO          729    i.MX_SPI2_Init      main.o
    0x0800322c   0x00000002   Code   RO          896    i.MemManage_Handler  stm32f4xx_it.o
    0x0800322e   0x00000002   Code   RO          897    i.NMI_Handler       stm32f4xx_it.o
    0x08003230   0x00000002   Code   RO          898    i.PendSV_Handler    stm32f4xx_it.o
    0x08003232   0x00000002   PAD
    0x08003234   0x00000060   Code   RO           15    i.READ_DATA_8BIT    bsp_dht11.o
    0x08003294   0x00000012   Code   RO         2521    i.RTC_Bcd2ToByte    stm32f4xx_hal_rtc.o
    0x080032a6   0x00000016   Code   RO         2522    i.RTC_ByteToBcd2    stm32f4xx_hal_rtc.o
    0x080032bc   0x0000003a   Code   RO         2523    i.RTC_EnterInitMode  stm32f4xx_hal_rtc.o
    0x080032f6   0x00000002   PAD
    0x080032f8   0x000000b4   Code   RO           16    i.Read_TempAndHumidity  bsp_dht11.o
    0x080033ac   0x00000070   Code   RO          604    i.SD_PowerOn        fatfs_sd.o
    0x0800341c   0x00000020   Code   RO          605    i.SD_ReadyWait      fatfs_sd.o
    0x0800343c   0x00000044   Code   RO          606    i.SD_RxDataBlock    fatfs_sd.o
    0x08003480   0x0000006e   Code   RO          607    i.SD_SendCmd        fatfs_sd.o
    0x080034ee   0x0000005a   Code   RO          608    i.SD_TxDataBlock    fatfs_sd.o
    0x08003548   0x00000130   Code   RO          609    i.SD_disk_initialize  fatfs_sd.o
    0x08003678   0x00000140   Code   RO          610    i.SD_disk_ioctl     fatfs_sd.o
    0x080037b8   0x00000098   Code   RO          611    i.SD_disk_read      fatfs_sd.o
    0x08003850   0x00000010   Code   RO          612    i.SD_disk_status    fatfs_sd.o
    0x08003860   0x000000b8   Code   RO          613    i.SD_disk_write     fatfs_sd.o
    0x08003918   0x0000001c   Code   RO          614    i.SELECT            fatfs_sd.o
    0x08003934   0x00000020   Code   RO          309    i.SPI1SendByte      rc522.o
    0x08003954   0x00000030   Code   RO          310    i.SPI1_ReadReg      rc522.o
    0x08003984   0x00000030   Code   RO          311    i.SPI1_WriteReg     rc522.o
    0x080039b4   0x00000058   Code   RO         2918    i.SPI_EndRxTxTransaction  stm32f4xx_hal_spi.o
    0x08003a0c   0x0000002c   Code   RO          615    i.SPI_RxByte        fatfs_sd.o
    0x08003a38   0x0000001c   Code   RO          616    i.SPI_TxBuffer      fatfs_sd.o
    0x08003a54   0x00000020   Code   RO          617    i.SPI_TxByte        fatfs_sd.o
    0x08003a74   0x00000094   Code   RO         2923    i.SPI_WaitFlagStateUntilTimeout  stm32f4xx_hal_spi.o
    0x08003b08   0x00000002   Code   RO          899    i.SVC_Handler       stm32f4xx_it.o
    0x08003b0a   0x00000002   PAD
    0x08003b0c   0x0000002c   Code   RO          900    i.SysTick_Handler   stm32f4xx_it.o
    0x08003b38   0x000000b4   Code   RO          730    i.SystemClock_Config  main.o
    0x08003bec   0x0000001c   Code   RO         4446    i.SystemInit        system_stm32f4xx.o
    0x08003c08   0x0000000c   Code   RO          901    i.TIM6_DAC_IRQHandler  stm32f4xx_it.o
    0x08003c14   0x000000c8   Code   RO         3281    i.TIM_Base_SetConfig  stm32f4xx_hal_tim.o
    0x08003cdc   0x00000038   Code   RO          171    i.UART3_FINGER_Init  r305.o
    0x08003d14   0x00000128   Code   RO         4170    i.UART_SetConfig    stm32f4xx_hal_uart.o
    0x08003e3c   0x00000064   Code   RO         4172    i.UART_WaitOnFlagUntilTimeout  stm32f4xx_hal_uart.o
    0x08003ea0   0x00000004   Code   RO         4483    i.USER_initialize   user_diskio.o
    0x08003ea4   0x00000004   Code   RO         4484    i.USER_ioctl        user_diskio.o
    0x08003ea8   0x00000004   Code   RO         4485    i.USER_read         user_diskio.o
    0x08003eac   0x00000004   Code   RO         4486    i.USER_status       user_diskio.o
    0x08003eb0   0x00000004   Code   RO         4487    i.USER_write        user_diskio.o
    0x08003eb4   0x00000002   Code   RO          902    i.UsageFault_Handler  stm32f4xx_it.o
    0x08003eb6   0x00000002   PAD
    0x08003eb8   0x00000028   Code   RO         5344    i.__0sprintf        mc_w.l(printfa.o)
    0x08003ee0   0x00000020   Code   RO         2129    i.__NVIC_SetPriority  stm32f4xx_hal_cortex.o
    0x08003f00   0x0000000e   Code   RO         5416    i.__scatterload_copy  mc_w.l(handlers.o)
    0x08003f0e   0x00000002   Code   RO         5417    i.__scatterload_null  mc_w.l(handlers.o)
    0x08003f10   0x0000000e   Code   RO         5418    i.__scatterload_zeroinit  mc_w.l(handlers.o)
    0x08003f1e   0x00000002   PAD
    0x08003f20   0x00000164   Code   RO         5349    i._fp_digits        mc_w.l(printfa.o)
    0x08004084   0x000006dc   Code   RO         5350    i._printf_core      mc_w.l(printfa.o)
    0x08004760   0x00000024   Code   RO         5351    i._printf_post_padding  mc_w.l(printfa.o)
    0x08004784   0x0000002e   Code   RO         5352    i._printf_pre_padding  mc_w.l(printfa.o)
    0x080047b2   0x0000000a   Code   RO         5354    i._sputc            mc_w.l(printfa.o)
    0x080047bc   0x00000012   Code   RO          731    i.bufsize           main.o
    0x080047ce   0x00000002   PAD
    0x080047d0   0x00000070   Code   RO         4636    i.check_fs          ff.o
    0x08004840   0x00000010   Code   RO         4637    i.chk_chr           ff.o
    0x08004850   0x0000005c   Code   RO         4638    i.chk_lock          ff.o
    0x080048ac   0x00000020   Code   RO         4639    i.clear_lock        ff.o
    0x080048cc   0x00000026   Code   RO         4640    i.clmt_clust        ff.o
    0x080048f2   0x00000018   Code   RO         4641    i.clust2sect        ff.o
    0x0800490a   0x00000002   PAD
    0x0800490c   0x00000080   Code   RO         4642    i.cmp_lfn           ff.o
    0x0800498c   0x000000a4   Code   RO         4643    i.create_chain      ff.o
    0x08004a30   0x00000208   Code   RO         4644    i.create_name       ff.o
    0x08004c38   0x00000034   Code   RO         4645    i.dec_lock          ff.o
    0x08004c6c   0x00000088   Code   RO           17    i.delay_us          bsp_dht11.o
    0x08004cf4   0x000000d0   Code   RO         4646    i.dir_find          ff.o
    0x08004dc4   0x00000102   Code   RO         4647    i.dir_next          ff.o
    0x08004ec6   0x00000002   PAD
    0x08004ec8   0x000001e4   Code   RO         4649    i.dir_register      ff.o
    0x080050ac   0x0000008e   Code   RO         4651    i.dir_sdi           ff.o
    0x0800513a   0x00000002   PAD
    0x0800513c   0x00000028   Code   RO         4581    i.disk_initialize   diskio.o
    0x08005164   0x0000001c   Code   RO         4582    i.disk_ioctl        diskio.o
    0x08005180   0x0000001c   Code   RO         4583    i.disk_read         diskio.o
    0x0800519c   0x00000018   Code   RO         4584    i.disk_status       diskio.o
    0x080051b4   0x0000001c   Code   RO         4585    i.disk_write        diskio.o
    0x080051d0   0x00000028   Code   RO         4652    i.f_close           ff.o
    0x080051f8   0x00000058   Code   RO         4659    i.f_mount           ff.o
    0x08005250   0x00000218   Code   RO         4660    i.f_open            ff.o
    0x08005468   0x0000008e   Code   RO         4669    i.f_sync            ff.o
    0x080054f6   0x000001b2   Code   RO         4672    i.f_write           ff.o
    0x080056a8   0x00000038   Code   RO         5067    i.ff_convert        ccsbcs.o
    0x080056e0   0x00000080   Code   RO         5068    i.ff_wtoupper       ccsbcs.o
    0x08005760   0x00000290   Code   RO         4673    i.find_volume       ff.o
    0x080059f0   0x00000068   Code   RO          176    i.fingerFastSearch  r305.o
    0x08005a58   0x000000b8   Code   RO          177    i.fingerIDSearch    r305.o
    0x08005b10   0x0000007a   Code   RO         4674    i.follow_path       ff.o
    0x08005b8a   0x00000002   PAD
    0x08005b8c   0x00000080   Code   RO         4675    i.gen_numname       ff.o
    0x08005c0c   0x00000040   Code   RO          178    i.getImage          r305.o
    0x08005c4c   0x00000094   Code   RO          179    i.getReply          r305.o
    0x08005ce0   0x000000e8   Code   RO         4676    i.get_fat           ff.o
    0x08005dc8   0x00000004   Code   RO         4544    i.get_fattime       fatfs.o
    0x08005dcc   0x0000003c   Code   RO         4678    i.get_ldnumber      ff.o
    0x08005e08   0x0000003c   Code   RO          733    i.get_time          main.o
    0x08005e44   0x00000088   Code   RO          734    i.hienthidefaut     main.o
    0x08005ecc   0x00000044   Code   RO          180    i.image2Tz          r305.o
    0x08005f10   0x00000080   Code   RO         4679    i.inc_lock          ff.o
    0x08005f90   0x00000026   Code   RO         4680    i.ld_clust          ff.o
    0x08005fb6   0x00000016   Code   RO         4681    i.ld_dword          ff.o
    0x08005fcc   0x0000000a   Code   RO         4682    i.ld_word           ff.o
    0x08005fd6   0x00000002   PAD
    0x08005fd8   0x0000006c   Code   RO          735    i.luusdcard         main.o
    0x08006044   0x0000066c   Code   RO          736    i.main              main.o
    0x080066b0   0x00000012   Code   RO         4683    i.mem_cpy           ff.o
    0x080066c2   0x00000002   PAD
    0x080066c4   0x0000000e   Code   RO         4684    i.mem_set           ff.o
    0x080066d2   0x00000002   PAD
    0x080066d4   0x00000020   Code   RO          737    i.modecontrol       main.o
    0x080066f4   0x00000024   Code   RO          738    i.moderfid          main.o
    0x08006718   0x00000024   Code   RO          739    i.modevantay        main.o
    0x0800673c   0x00000032   Code   RO         4685    i.move_window       ff.o
    0x0800676e   0x00000124   Code   RO         4687    i.put_fat           ff.o
    0x08006892   0x00000074   Code   RO         4690    i.remove_chain      ff.o
    0x08006906   0x00000002   PAD
    0x08006908   0x00000020   Code   RO          740    i.send_uart         main.o
    0x08006928   0x00000020   Code   RO          741    i.send_uart1        main.o
    0x08006948   0x00000048   Code   RO          742    i.set_time          main.o
    0x08006990   0x00000028   Code   RO         4691    i.st_clust          ff.o
    0x080069b8   0x00000010   Code   RO         4692    i.st_dword          ff.o
    0x080069c8   0x00000008   Code   RO         4693    i.st_word           ff.o
    0x080069d0   0x0000001a   Code   RO         4694    i.sum_sfn           ff.o
    0x080069ea   0x00000002   PAD
    0x080069ec   0x00000088   Code   RO         4695    i.sync_fs           ff.o
    0x08006a74   0x00000052   Code   RO         4696    i.sync_window       ff.o
    0x08006ac6   0x00000002   PAD
    0x08006ac8   0x0000002c   Code   RO          743    i.tatthietbi        main.o
    0x08006af4   0x00000034   Code   RO         4697    i.validate          ff.o
    0x08006b28   0x00000060   Code   RO          182    i.verifyPassword    r305.o
    0x08006b88   0x00000108   Code   RO          183    i.writePacket       r305.o
    0x08006c90   0x00000008   Data   RO         1846    .constdata          stm32f4xx_hal_dma.o
    0x08006c98   0x00000010   Data   RO         4447    .constdata          system_stm32f4xx.o
    0x08006ca8   0x00000008   Data   RO         4448    .constdata          system_stm32f4xx.o
    0x08006cb0   0x000000aa   Data   RO         4699    .constdata          ff.o
    0x08006d5a   0x000003ae   Data   RO         5069    .constdata          ccsbcs.o
    0x08007108   0x00000020   Data   RO         5414    Region$$Table       anon$$obj.o


    Execution Region RW_IRAM2 (Base: 0x10000000, Size: 0x00000000, Max: 0x00010000, ABSOLUTE)

    **** No section assigned to this execution region ****


    Execution Region RW_IRAM1 (Base: 0x20000000, Size: 0x00002b48, Max: 0x00020000, ABSOLUTE)

    Base Addr    Size         Type   Attr      Idx    E Section Name        Object

    0x20000000   0x0000000c   Data   RW          185    .data               r305.o
    0x2000000c   0x00000024   Data   RW          461    .data               stm_my_lcd16x2.o
    0x20000030   0x00000008   Data   RW          618    .data               fatfs_sd.o
    0x20000038   0x0000004a   Data   RW          749    .data               main.o
    0x20000082   0x00000002   PAD
    0x20000084   0x0000000c   Data   RW         2273    .data               stm32f4xx_hal.o
    0x20000090   0x00000004   Data   RW         4449    .data               system_stm32f4xx.o
    0x20000094   0x00000014   Data   RW         4488    .data               user_diskio.o
    0x200000a8   0x00000005   Data   RW         4547    .data               fatfs.o
    0x200000ad   0x00000003   PAD
    0x200000b0   0x00000008   Data   RW         4700    .data               ff.o
    0x200000b8   0x00000054   Zero   RW          184    .bss                r305.o
    0x2000010c   0x00002370   Zero   RW          745    .bss                main.o
    0x2000247c   0x00000060   Zero   RW          747    .bss                main.o
    0x200024dc   0x00000040   Zero   RW         1061    .bss                stm32f4xx_hal_timebase_tim.o
    0x2000251c   0x00000220   Zero   RW         4698    .bss                ff.o
    0x2000273c   0x0000000c   Zero   RW         4997    .bss                ff_gen_drv.o
    0x20002748   0x00000400   Zero   RW            1    STACK               startup_stm32f407xx.o


==============================================================================

Image component sizes


      Code (inc. data)   RO Data    RW Data    ZI Data      Debug   Object Name

       500         22          0          0          0     726659   bsp_dht11.o
       184         22        942          0          0       2279   ccsbcs.o
       148         22          0          0          0       3761   diskio.o
        32         10          0          5          0       1552   fatfs.o
      1548         72          0          8          0      15817   fatfs_sd.o
      5756        102        170          8        544      42921   ff.o
        70          6          0          0         12       1647   ff_gen_drv.o
      3186        498          0         74       9168      14370   main.o
       984        156          0         12         84       6367   r305.o
       748         12          0          0          0       9890   rc522.o
        36          8        392          0       1024        840   startup_stm32f407xx.o
       116         18          0         12          0       8758   stm32f4xx_hal.o
      1482         64          0          0          0       8929   stm32f4xx_hal_adc.o
         2          0          0          0          0        993   stm32f4xx_hal_adc_ex.o
       168         14          0          0          0      34298   stm32f4xx_hal_cortex.o
       902         16          8          0          0       5843   stm32f4xx_hal_dma.o
       460         46          0          0          0       3071   stm32f4xx_hal_gpio.o
       764         92          0          0          0       4231   stm32f4xx_hal_msp.o
      1392         82          0          0          0       5921   stm32f4xx_hal_rcc.o
       316         20          0          0          0       1400   stm32f4xx_hal_rcc_ex.o
       916         30          0          0          0       7556   stm32f4xx_hal_rtc.o
      1194          8          0          0          0       6288   stm32f4xx_hal_spi.o
       656         44          0          0          0       7300   stm32f4xx_hal_tim.o
         4          0          0          0          0       1613   stm32f4xx_hal_tim_ex.o
       116         16          0          0         64       1435   stm32f4xx_hal_timebase_tim.o
       870         10          0          0          0       5287   stm32f4xx_hal_uart.o
        96         28          0          0          0       5715   stm32f4xx_it.o
       848         58          0         36          0       9343   stm_my_lcd16x2.o
         0          0          0          0          0        544   syscall.o
        28          6         24          4          0       1167   system_stm32f4xx.o
        20          0          0         20          0       3540   user_diskio.o

    ----------------------------------------------------------------------
     23592       1482       1568        184      10896     949335   Object Totals
         0          0         32          0          0          0   (incl. Generated)
        50          0          0          5          0          0   (incl. Padding)

    ----------------------------------------------------------------------

      Code (inc. data)   RO Data    RW Data    ZI Data      Debug   Library Member Name

         0          0          0          0          0          0   entry.o
         0          0          0          0          0          0   entry10a.o
         0          0          0          0          0          0   entry11a.o
         8          4          0          0          0          0   entry2.o
         4          0          0          0          0          0   entry5.o
         0          0          0          0          0          0   entry7b.o
         0          0          0          0          0          0   entry8b.o
         8          4          0          0          0          0   entry9a.o
        30          0          0          0          0          0   handlers.o
        36          8          0          0          0         68   init.o
         0          0          0          0          0          0   iusefp.o
        30          0          0          0          0         68   llshl.o
        36          0          0          0          0         68   llsshr.o
        32          0          0          0          0         68   llushr.o
        36          0          0          0          0        108   memseta.o
      2244         86          0          0          0        512   printfa.o
        24          0          0          0          0         68   strcat.o
        18          0          0          0          0         68   strcpy.o
        14          0          0          0          0         68   strlen.o
        44          0          0          0          0         80   uidiv.o
        98          0          0          0          0         92   uldiv.o
        48          0          0          0          0         68   cdrcmple.o
       334          0          0          0          0        148   dadd.o
       222          0          0          0          0        100   ddiv.o
       186          0          0          0          0        176   depilogue.o
        50          0          0          0          0         76   dfixui.o
        48          0          0          0          0         68   dfixul.o
        26          0          0          0          0         76   dfltui.o
       228          0          0          0          0         96   dmul.o

    ----------------------------------------------------------------------
      3808        102          0          0          0       2076   Library Totals
         4          0          0          0          0          0   (incl. Padding)

    ----------------------------------------------------------------------

      Code (inc. data)   RO Data    RW Data    ZI Data      Debug   Library Name

      2662        102          0          0          0       1268   mc_w.l
      1142          0          0          0          0        808   mf_w.l

    ----------------------------------------------------------------------
      3808        102          0          0          0       2076   Library Totals

    ----------------------------------------------------------------------

==============================================================================


      Code (inc. data)   RO Data    RW Data    ZI Data      Debug   

     27400       1584       1568        184      10896     929123   Grand Totals
     27400       1584       1568        184      10896     929123   ELF Image Totals
     27400       1584       1568        184          0          0   ROM Totals

==============================================================================

    Total RO  Size (Code + RO Data)                28968 (  28.29kB)
    Total RW  Size (RW Data + ZI Data)             11080 (  10.82kB)
    Total ROM Size (Code + RO Data + RW Data)      29152 (  28.47kB)

==============================================================================

